Component: ARM Compiler 5.06 update 5 (build 528) Tool: armlink [4d35e2]

==============================================================================

Section Cross References

    startup_stm32f407xx.o(RESET) refers to startup_stm32f407xx.o(STACK) for __initial_sp
    startup_stm32f407xx.o(RESET) refers to startup_stm32f407xx.o(.text) for Reset_Handler
    startup_stm32f407xx.o(RESET) refers to stm32f4xx_it.o(i.NMI_Handler) for NMI_Handler
    startup_stm32f407xx.o(RESET) refers to stm32f4xx_it.o(i.HardFault_Handler) for HardFault_Handler
    startup_stm32f407xx.o(RESET) refers to stm32f4xx_it.o(i.MemManage_Handler) for MemManage_Handler
    startup_stm32f407xx.o(RESET) refers to stm32f4xx_it.o(i.BusFault_Handler) for BusFault_Handler
    startup_stm32f407xx.o(RESET) refers to stm32f4xx_it.o(i.UsageFault_Handler) for UsageFault_Handler
    startup_stm32f407xx.o(RESET) refers to stm32f4xx_it.o(i.SVC_Handler) for SVC_Handler
    startup_stm32f407xx.o(RESET) refers to stm32f4xx_it.o(i.DebugMon_Handler) for DebugMon_Handler
    startup_stm32f407xx.o(RESET) refers to los_dispatch_keil.o(.text) for PendSV_Handler
    startup_stm32f407xx.o(RESET) refers to los_hwi.o(i.SysTick_Handler) for SysTick_Handler
    startup_stm32f407xx.o(RESET) refers to stm32f4xx_it.o(i.USART1_IRQHandler) for USART1_IRQHandler
    startup_stm32f407xx.o(RESET) refers to stm32f4xx_it.o(i.DMA2_Stream5_IRQHandler) for DMA2_Stream5_IRQHandler
    startup_stm32f407xx.o(.text) refers to system_stm32f4xx.o(i.SystemInit) for SystemInit
    startup_stm32f407xx.o(.text) refers to entry.o(.ARM.Collect$$$$00000000) for __main
    main.o(i.AppTaskCreate) refers to los_mux.o(i.LOS_MuxCreate) for LOS_MuxCreate
    main.o(i.AppTaskCreate) refers to printfa.o(i.__0printf) for __2printf
    main.o(i.AppTaskCreate) refers to los_task.o(i.LOS_TaskCreate) for LOS_TaskCreate
    main.o(i.AppTaskCreate) refers to main.o(.data) for .data
    main.o(i.AppTaskCreate) refers to main.o(i.Led0_Task) for Led0_Task
    main.o(i.AppTaskCreate) refers to main.o(i.Led1_Task) for Led1_Task
    main.o(i.AppTaskCreate) refers to main.o(i.Read_DHT11_Data) for Read_DHT11_Data
    main.o(i.Led0_Task) refers to stm32f4xx_hal_gpio.o(i.HAL_GPIO_WritePin) for HAL_GPIO_WritePin
    main.o(i.Led0_Task) refers to los_task.o(i.LOS_TaskDelay) for LOS_TaskDelay
    main.o(i.Led1_Task) refers to stm32f4xx_hal_gpio.o(i.HAL_GPIO_WritePin) for HAL_GPIO_WritePin
    main.o(i.Led1_Task) refers to los_task.o(i.LOS_TaskDelay) for LOS_TaskDelay
    main.o(i.Read_DHT11_Data) refers to dht11.o(i.DHT11_Read_Data) for DHT11_Read_Data
    main.o(i.Read_DHT11_Data) refers to usart.o(i.OS_Debug_Printf) for OS_Debug_Printf
    main.o(i.Read_DHT11_Data) refers to los_task.o(i.LOS_TaskDelay) for LOS_TaskDelay
    main.o(i.SystemClock_Config) refers to stm32f4xx_hal_rcc.o(i.HAL_RCC_OscConfig) for HAL_RCC_OscConfig
    main.o(i.SystemClock_Config) refers to stm32f4xx_hal_rcc.o(i.HAL_RCC_ClockConfig) for HAL_RCC_ClockConfig
    main.o(i.SystemClock_Config) refers to stm32f4xx_hal_rcc.o(i.HAL_RCC_GetHCLKFreq) for HAL_RCC_GetHCLKFreq
    main.o(i.SystemClock_Config) refers to stm32f4xx_hal_cortex.o(i.HAL_SYSTICK_Config) for HAL_SYSTICK_Config
    main.o(i.SystemClock_Config) refers to stm32f4xx_hal_cortex.o(i.HAL_SYSTICK_CLKSourceConfig) for HAL_SYSTICK_CLKSourceConfig
    main.o(i.SystemClock_Config) refers to stm32f4xx_hal_cortex.o(i.HAL_NVIC_SetPriority) for HAL_NVIC_SetPriority
    main.o(i.main) refers to stm32f4xx_hal.o(i.HAL_Init) for HAL_Init
    main.o(i.main) refers to main.o(i.SystemClock_Config) for SystemClock_Config
    main.o(i.main) refers to gpio.o(i.MX_GPIO_Init) for MX_GPIO_Init
    main.o(i.main) refers to dma.o(i.MX_DMA_Init) for MX_DMA_Init
    main.o(i.main) refers to usart.o(i.MX_USART1_UART_Init) for MX_USART1_UART_Init
    main.o(i.main) refers to tim.o(i.MX_TIM3_Init) for MX_TIM3_Init
    main.o(i.main) refers to printfa.o(i.__0printf) for __2printf
    main.o(i.main) refers to dht11.o(i.DHT11_Init) for DHT11_Init
    main.o(i.main) refers to los_init.o(i.LOS_KernelInit) for LOS_KernelInit
    main.o(i.main) refers to main.o(i.AppTaskCreate) for AppTaskCreate
    main.o(i.main) refers to los_init.o(i.LOS_Start) for LOS_Start
    gpio.o(i.MX_GPIO_Init) refers to stm32f4xx_hal_gpio.o(i.HAL_GPIO_WritePin) for HAL_GPIO_WritePin
    gpio.o(i.MX_GPIO_Init) refers to stm32f4xx_hal_gpio.o(i.HAL_GPIO_Init) for HAL_GPIO_Init
    dma.o(i.MX_DMA_Init) refers to stm32f4xx_hal_cortex.o(i.HAL_NVIC_SetPriority) for HAL_NVIC_SetPriority
    dma.o(i.MX_DMA_Init) refers to stm32f4xx_hal_cortex.o(i.HAL_NVIC_EnableIRQ) for HAL_NVIC_EnableIRQ
    tim.o(i.MX_TIM3_Init) refers to stm32f4xx_hal_tim.o(i.HAL_TIM_Base_Init) for HAL_TIM_Base_Init
    tim.o(i.MX_TIM3_Init) refers to main.o(i._Error_Handler) for _Error_Handler
    tim.o(i.MX_TIM3_Init) refers to stm32f4xx_hal_tim.o(i.HAL_TIM_ConfigClockSource) for HAL_TIM_ConfigClockSource
[...]
    i.HAL_MspInit                            0x08001014   Section        0  stm32f4xx_hal_msp.o(i.HAL_MspInit)
    i.HAL_NVIC_EnableIRQ                     0x08001098   Section        0  stm32f4xx_hal_cortex.o(i.HAL_NVIC_EnableIRQ)
    i.HAL_NVIC_SetPriority                   0x080010b0   Section        0  stm32f4xx_hal_cortex.o(i.HAL_NVIC_SetPriority)
    i.HAL_NVIC_SetPriorityGrouping           0x080010f0   Section        0  stm32f4xx_hal_cortex.o(i.HAL_NVIC_SetPriorityGrouping)
    i.HAL_RCC_ClockConfig                    0x08001114   Section        0  stm32f4xx_hal_rcc.o(i.HAL_RCC_ClockConfig)
    i.HAL_RCC_GetHCLKFreq                    0x08001244   Section        0  stm32f4xx_hal_rcc.o(i.HAL_RCC_GetHCLKFreq)
    i.HAL_RCC_GetPCLK1Freq                   0x08001250   Section        0  stm32f4xx_hal_rcc.o(i.HAL_RCC_GetPCLK1Freq)
    i.HAL_RCC_GetPCLK2Freq                   0x08001270   Section        0  stm32f4xx_hal_rcc.o(i.HAL_RCC_GetPCLK2Freq)
    i.HAL_RCC_GetSysClockFreq                0x08001290   Section        0  stm32f4xx_hal_rcc.o(i.HAL_RCC_GetSysClockFreq)
    i.HAL_RCC_OscConfig                      0x080012f0   Section        0  stm32f4xx_hal_rcc.o(i.HAL_RCC_OscConfig)
    i.HAL_SYSTICK_CLKSourceConfig            0x0800160c   Section        0  stm32f4xx_hal_cortex.o(i.HAL_SYSTICK_CLKSourceConfig)
    i.HAL_SYSTICK_Config                     0x08001624   Section        0  stm32f4xx_hal_cortex.o(i.HAL_SYSTICK_Config)
    i.HAL_TIMEx_MasterConfigSynchronization  0x0800164c   Section        0  stm32f4xx_hal_tim_ex.o(i.HAL_TIMEx_MasterConfigSynchronization)
    i.HAL_TIM_Base_Init                      0x0800169c   Section        0  stm32f4xx_hal_tim.o(i.HAL_TIM_Base_Init)
    i.HAL_TIM_Base_MspInit                   0x080016d4   Section        0  tim.o(i.HAL_TIM_Base_MspInit)
    i.HAL_TIM_Base_Start                     0x080016fc   Section        0  stm32f4xx_hal_tim.o(i.HAL_TIM_Base_Start)
    i.HAL_TIM_Base_Stop                      0x08001716   Section        0  stm32f4xx_hal_tim.o(i.HAL_TIM_Base_Stop)
    i.HAL_TIM_ConfigClockSource              0x08001742   Section        0  stm32f4xx_hal_tim.o(i.HAL_TIM_ConfigClockSource)
    i.HAL_UART_ErrorCallback                 0x08001834   Section        0  stm32f4xx_hal_uart.o(i.HAL_UART_ErrorCallback)
    i.HAL_UART_IRQHandler                    0x08001838   Section        0  stm32f4xx_hal_uart.o(i.HAL_UART_IRQHandler)
    i.HAL_UART_Init                          0x08001948   Section        0  stm32f4xx_hal_uart.o(i.HAL_UART_Init)
    i.HAL_UART_MspInit                       0x080019ac   Section        0  usart.o(i.HAL_UART_MspInit)
    i.HAL_UART_RxCpltCallback                0x08001a58   Section        0  stm32f4xx_hal_uart.o(i.HAL_UART_RxCpltCallback)
    i.HAL_UART_TxCpltCallback                0x08001a5a   Section        0  stm32f4xx_hal_uart.o(i.HAL_UART_TxCpltCallback)
    i.HardFault_Handler                      0x08001a5c   Section        0  stm32f4xx_it.o(i.HardFault_Handler)
    i.LOS_Align                              0x08001a5e   Section        0  los_misc.o(i.LOS_Align)
    i.LOS_ErrHandle                          0x08001a74   Section        0  los_err.o(i.LOS_ErrHandle)
    i.LOS_KernelInit                         0x08001a90   Section        0  los_init.o(i.LOS_KernelInit)
    i.LOS_ListAdd                            0x08001b80   Section        0  los_task.o(i.LOS_ListAdd)
    LOS_ListAdd                              0x08001b81   Thumb Code    14  los_task.o(i.LOS_ListAdd)
    i.LOS_ListAdd                            0x08001b8e   Section        0  los_mux.o(i.LOS_ListAdd)
    LOS_ListAdd                              0x08001b8f   Thumb Code    14  los_mux.o(i.LOS_ListAdd)
    i.LOS_ListAdd                            0x08001b9c   Section        0  los_queue.o(i.LOS_ListAdd)
    LOS_ListAdd                              0x08001b9d   Thumb Code    14  los_queue.o(i.LOS_ListAdd)
    i.LOS_ListAdd                            0x08001baa   Section        0  los_sem.o(i.LOS_ListAdd)
    LOS_ListAdd                              0x08001bab   Thumb Code    14  los_sem.o(i.LOS_ListAdd)
    i.LOS_ListDelete                         0x08001bb8   Section        0  los_task.o(i.LOS_ListDelete)
    LOS_ListDelete                           0x08001bb9   Thumb Code    20  los_task.o(i.LOS_ListDelete)
    i.LOS_ListTailInsert                     0x08001bcc   Section        0  los_task.o(i.LOS_ListTailInsert)
    LOS_ListTailInsert                       0x08001bcd   Thumb Code     6  los_task.o(i.LOS_ListTailInsert)
    i.LOS_MemAlloc                           0x08001bd2   Section        0  los_memory.o(i.LOS_MemAlloc)
    i.LOS_MemAllocAlign                      0x08001bfa   Section        0  los_memory.o(i.LOS_MemAllocAlign)
    i.LOS_MemFree                            0x08001bfe   Section        0  los_memory.o(i.LOS_MemFree)
    i.LOS_MemInit                            0x08001c24   Section        0  los_memory.o(i.LOS_MemInit)
    i.LOS_MuxCreate                          0x08001d00   Section        0  los_mux.o(i.LOS_MuxCreate)
    i.LOS_MuxPend                            0x08001d88   Section        0  los_mux.o(i.LOS_MuxPend)
    i.LOS_MuxPost                            0x08001ed8   Section        0  los_mux.o(i.LOS_MuxPost)
    i.LOS_QueueCreate                        0x08001f98   Section        0  los_queue.o(i.LOS_QueueCreate)
    i.LOS_QueueReadCopy                      0x0800205c   Section        0  los_queue.o(i.LOS_QueueReadCopy)
    i.LOS_QueueWriteCopy                     0x0800207e   Section        0  los_queue.o(i.LOS_QueueWriteCopy)
    i.LOS_Schedule                           0x080020a4   Section        0  los_hw.o(i.LOS_Schedule)
    i.LOS_Start                              0x080020e4   Section        0  los_init.o(i.LOS_Start)
    i.LOS_TaskCreate                         0x08002120   Section        0  los_task.o(i.LOS_TaskCreate)
    i.LOS_TaskCreateOnly                     0x08002190   Section        0  los_task.o(i.LOS_TaskCreateOnly)
    i.LOS_TaskDelay                          0x080022e0   Section        0  los_task.o(i.LOS_TaskDelay)
    i.LOS_TaskDelete                         0x0800234c   Section        0  los_task.o(i.LOS_TaskDelete)
    i.LOS_TaskYield                          0x08002484   Section        0  los_task.o(i.LOS_TaskYield)
    i.LOS_TickCountGet                       0x080024f4   Section        0  los_sys.o(i.LOS_TickCountGet)
    i.Led0_Task                              0x08002500   Section        0  main.o(i.Led0_Task)
    Led0_Task                                0x08002501   Thumb Code    44  main.o(i.Led0_Task)
    i.Led1_Task                              0x08002530   Section        0  main.o(i.Led1_Task)
    Led1_Task                                0x08002531   Thumb Code    44  main.o(i.Led1_Task)
    i.MX_DMA_Init                            0x08002560   Section        0  dma.o(i.MX_DMA_Init)
    i.MX_GPIO_Init                           0x0800258c   Section        0  gpio.o(i.MX_GPIO_Init)
    i.MX_TIM3_Init                           0x0800262c   Section        0  tim.o(i.MX_TIM3_Init)
    i.MX_USART1_UART_Init                    0x080026a0   Section        0  usart.o(i.MX_USART1_UART_Init)
    i.MemManage_Handler                      0x080026ec   Section        0  stm32f4xx_it.o(i.MemManage_Handler)
    i.NMI_Handler                            0x080026ee   Section        0  stm32f4xx_it.o(i.NMI_Handler)
    i.NVIC_SetPriority                       0x080026f0   Section        0  stm32f4xx_hal_cortex.o(i.NVIC_SetPriority)
    NVIC_SetPriority                         0x080026f1   Thumb Code    32  stm32f4xx_hal_cortex.o(i.NVIC_SetPriority)
    i.OS_Debug_Printf                        0x08002710   Section        0  usart.o(i.OS_Debug_Printf)
    i.Read_DHT11_Data                        0x08002750   Section        0  main.o(i.Read_DHT11_Data)
    Read_DHT11_Data                          0x08002751   Thumb Code    36  main.o(i.Read_DHT11_Data)
    i.SVC_Handler                            0x0800278c   Section        0  stm32f4xx_it.o(i.SVC_Handler)
    i.SysTick_Handler                        0x08002790   Section        0  los_hwi.o(i.SysTick_Handler)
    i.SystemClock_Config                     0x080027b4   Section        0  main.o(i.SystemClock_Config)
    i.SystemInit                             0x08002854   Section        0  system_stm32f4xx.o(i.SystemInit)
    i.TIM_Base_SetConfig                     0x080028a8   Section        0  stm32f4xx_hal_tim.o(i.TIM_Base_SetConfig)
    i.TIM_ETR_SetConfig                      0x08002968   Section        0  stm32f4xx_hal_tim.o(i.TIM_ETR_SetConfig)
    TIM_ETR_SetConfig                        0x08002969   Thumb Code    20  stm32f4xx_hal_tim.o(i.TIM_ETR_SetConfig)
    i.TIM_ITRx_SetConfig                     0x0800297c   Section        0  stm32f4xx_hal_tim.o(i.TIM_ITRx_SetConfig)
    TIM_ITRx_SetConfig                       0x0800297d   Thumb Code    16  stm32f4xx_hal_tim.o(i.TIM_ITRx_SetConfig)
    i.TIM_TI1_ConfigInputStage               0x0800298c   Section        0  stm32f4xx_hal_tim.o(i.TIM_TI1_ConfigInputStage)
    TIM_TI1_ConfigInputStage                 0x0800298d   Thumb Code    34  stm32f4xx_hal_tim.o(i.TIM_TI1_ConfigInputStage)
    i.TIM_TI2_ConfigInputStage               0x080029ae   Section        0  stm32f4xx_hal_tim.o(i.TIM_TI2_ConfigInputStage)
    TIM_TI2_ConfigInputStage                 0x080029af   Thumb Code    36  stm32f4xx_hal_tim.o(i.TIM_TI2_ConfigInputStage)
    i.UART_DMAAbortOnError                   0x080029d2   Section        0  stm32f4xx_hal_uart.o(i.UART_DMAAbortOnError)
    UART_DMAAbortOnError                     0x080029d3   Thumb Code    16  stm32f4xx_hal_uart.o(i.UART_DMAAbortOnError)
    i.UART_EndRxTransfer                     0x080029e2   Section        0  stm32f4xx_hal_uart.o(i.UART_EndRxTransfer)
    UART_EndRxTransfer                       0x080029e3   Thumb Code    28  stm32f4xx_hal_uart.o(i.UART_EndRxTransfer)
    i.UART_Receive_IT                        0x080029fe   Section        0  stm32f4xx_hal_uart.o(i.UART_Receive_IT)
    UART_Receive_IT                          0x080029ff   Thumb Code   140  stm32f4xx_hal_uart.o(i.UART_Receive_IT)
    i.UART_SetConfig                         0x08002a8c   Section        0  stm32f4xx_hal_uart.o(i.UART_SetConfig)
    UART_SetConfig                           0x08002a8d   Thumb Code   676  stm32f4xx_hal_uart.o(i.UART_SetConfig)
    i.UART_Transmit_IT                       0x08002d38   Section        0  stm32f4xx_hal_uart.o(i.UART_Transmit_IT)
    UART_Transmit_IT                         0x08002d39   Thumb Code    98  stm32f4xx_hal_uart.o(i.UART_Transmit_IT)
    i.USART1_IRQHandler                      0x08002d9c   Section        0  stm32f4xx_it.o(i.USART1_IRQHandler)
    i.UsageFault_Handler                     0x08002da8   Section        0  stm32f4xx_it.o(i.UsageFault_Handler)
    i._Error_Handler                         0x08002daa   Section        0  main.o(i._Error_Handler)
    i.__0printf                              0x08002dac   Section        0  printfa.o(i.__0printf)
    i.__0vsnprintf                           0x08002dcc   Section        0  printfa.o(i.__0vsnprintf)
    i.__scatterload_copy                     0x08002df8   Section       14  handlers.o(i.__scatterload_copy)
    i.__scatterload_null                     0x08002e06   Section        2  handlers.o(i.__scatterload_null)
    i.__scatterload_zeroinit                 0x08002e08   Section       14  handlers.o(i.__scatterload_zeroinit)
    i._fp_digits                             0x08002e18   Section        0  printfa.o(i._fp_digits)
    _fp_digits                               0x08002e19   Thumb Code   366  printfa.o(i._fp_digits)
    i._printf_core                           0x08002f9c   Section        0  printfa.o(i._printf_core)
    _printf_core                             0x08002f9d   Thumb Code  1744  printfa.o(i._printf_core)
    i._printf_post_padding                   0x08003678   Section        0  printfa.o(i._printf_post_padding)
    _printf_post_padding                     0x08003679   Thumb Code    36  printfa.o(i._printf_post_padding)
    i._printf_pre_padding                    0x0800369c   Section        0  printfa.o(i._printf_pre_padding)
    _printf_pre_padding                      0x0800369d   Thumb Code    46  printfa.o(i._printf_pre_padding)
    i._snputc                                0x080036ca   Section        0  printfa.o(i._snputc)
    _snputc                                  0x080036cb   Thumb Code    22  printfa.o(i._snputc)
    i.delay_ms                               0x080036e0   Section        0  tim.o(i.delay_ms)
    i.delay_us                               0x080036ec   Section        0  tim.o(i.delay_us)
    i.fputc                                  0x08003718   Section        0  usart.o(i.fputc)
    i.main                                   0x0800372c   Section        0  main.o(i.main)
    i.osAlarmHeapInfo                        0x08003810   Section        0  los_heap.o(i.osAlarmHeapInfo)
    i.osAtomicBitsetClearBit                 0x0800382a   Section        0  los_slab.o(i.osAtomicBitsetClearBit)
    i.osAtomicBitsetFindClearAndSet          0x08003848   Section        0  los_slab.o(i.osAtomicBitsetFindClearAndSet)
    i.osAtomicBitsetGetBit                   0x0800388a   Section        0  los_slab.o(i.osAtomicBitsetGetBit)
    i.osAtomicBitsetInit                     0x080038ac   Section        0  los_slab.o(i.osAtomicBitsetInit)
    i.osHeapAlloc                            0x080038d8   Section        0  los_heap.o(i.osHeapAlloc)
    i.osHeapAllocAlign                       0x080039f8   Section        0  los_heap.o(i.osHeapAllocAlign)
    i.osHeapFree                             0x08003a34   Section        0  los_heap.o(i.osHeapFree)
    i.osHeapInit                             0x08003b38   Section        0  los_heap.o(i.osHeapInit)
    i.osHeapPrvGetNext                       0x08003b72   Section        0  los_heap.o(i.osHeapPrvGetNext)
    i.osHeapStatisticsGet                    0x08003b88   Section        0  los_heap.o(i.osHeapStatisticsGet)
    i.osIdleTask                             0x08003bd0   Section        0  los_task.o(i.osIdleTask)
    i.osIdleTaskCreate                       0x08003bd4   Section        0  los_task.o(i.osIdleTaskCreate)
    i.osIntNumGet                            0x08003c14   Section        0  los_hwi.o(i.osIntNumGet)
    i.osMemSystemInit                        0x08003c1c   Section        0  los_memory.o(i.osMemSystemInit)
    i.osMuxInit                              0x08003c30   Section        0  los_mux.o(i.osMuxInit)
    i.osPriqueueDequeue                      0x08003c88   Section        0  los_priqueue.o(i.osPriqueueDequeue)
    i.osPriqueueEnqueue                      0x08003cc0   Section        0  los_priqueue.o(i.osPriqueueEnqueue)
    i.osPriqueueInit                         0x08003cf0   Section        0  los_priqueue.o(i.osPriqueueInit)
    i.osPriqueueSize                         0x08003d24   Section        0  los_priqueue.o(i.osPriqueueSize)
    i.osPriqueueTop                          0x08003d48   Section        0  los_priqueue.o(i.osPriqueueTop)
    i.osQueueBufferOperate                   0x08003d64   Section        0  los_queue.o(i.osQueueBufferOperate)
    osQueueBufferOperate                     0x08003d65   Thumb Code   168  los_queue.o(i.osQueueBufferOperate)
    i.osQueueInit                            0x08003e34   Section        0  los_queue.o(i.osQueueInit)
    i.osQueueOperate                         0x08003e90   Section        0  los_queue.o(i.osQueueOperate)
    i.osQueueReadParameterCheck              0x08003ff8   Section        0  los_queue.o(i.osQueueReadParameterCheck)
    osQueueReadParameterCheck                0x08003ff9   Thumb Code    48  los_queue.o(i.osQueueReadParameterCheck)
    i.osQueueWriteParameterCheck             0x0800402c   Section        0  los_queue.o(i.osQueueWriteParameterCheck)
    osQueueWriteParameterCheck               0x0800402d   Thumb Code    46  los_queue.o(i.osQueueWriteParameterCheck)
    i.osSchedule                             0x08004060   Section        0  los_hw.o(i.osSchedule)
    i.osSemInit                              0x08004064   Section        0  los_sem.o(i.osSemInit)
    i.osSlabAllocatorAlloc                   0x080040b8   Section        0  los_slab.o(i.osSlabAllocatorAlloc)
    i.osSlabAllocatorFree                    0x080040d4   Section        0  los_slab.o(i.osSlabAllocatorFree)
    i.osSlabAllocatorNew                     0x0800410c   Section        0  los_slab.o(i.osSlabAllocatorNew)
    i.osSlabBlockHeadFill                    0x08004152   Section        0  los_slabmem.o(i.osSlabBlockHeadFill)
    i.osSlabCtrlHdrGet                       0x08004166   Section        0  los_memory.o(i.osSlabCtrlHdrGet)
    i.osSlabMemAlloc                         0x0800416a   Section        0  los_slabmem.o(i.osSlabMemAlloc)
    i.osSlabMemFree                          0x080041cc   Section        0  los_slabmem.o(i.osSlabMemFree)
    i.osSlabMemInit                          0x0800422c   Section        0  los_slabmem.o(i.osSlabMemInit)
    i.osSwTmrInit                            0x08004280   Section        0  los_swtmr.o(i.osSwTmrInit)
    i.osSwTmrStart                           0x08004300   Section        0  los_swtmr.o(i.osSwTmrStart)
    i.osSwTmrTask                            0x08004488   Section        0  los_swtmr.o(i.osSwTmrTask)
    i.osSwTmrTaskCreate                      0x080044c4   Section        0  los_swtmr.o(i.osSwTmrTaskCreate)
    i.osSwTmrTimeoutHandle                   0x08004504   Section        0  los_swtmr.o(i.osSwTmrTimeoutHandle)
    osSwTmrTimeoutHandle                     0x08004505   Thumb Code    98  los_swtmr.o(i.osSwTmrTimeoutHandle)
    i.osSwtmrDelete                          0x0800456c   Section        0  los_swtmr.o(i.osSwtmrDelete)
    osSwtmrDelete                            0x0800456d   Thumb Code    26  los_swtmr.o(i.osSwtmrDelete)
    i.osSwtmrScan                            0x08004590   Section        0  los_swtmr.o(i.osSwtmrScan)
    i.osTaskAdd2TimerList                    0x080045ac   Section        0  los_task.o(i.osTaskAdd2TimerList)
    i.osTaskEntry                            0x08004630   Section        0  los_task.o(i.osTaskEntry)
    i.osTaskExit                             0x0800465c   Section        0  los_hw.o(i.osTaskExit)
    i.osTaskInit                             0x08004660   Section        0  los_task.o(i.osTaskInit)
    i.osTaskMonInit                          0x08004734   Section        0  los_task.o(i.osTaskMonInit)
    i.osTaskPriModify                        0x08004760   Section        0  los_task.o(i.osTaskPriModify)
    i.osTaskScan                             0x08004790   Section        0  los_task.o(i.osTaskScan)
    i.osTaskSwitchCheck                      0x08004844   Section        0  los_task.o(i.osTaskSwitchCheck)
    i.osTaskWait                             0x08004980   Section        0  los_task.o(i.osTaskWait)
    i.osTaskWake                             0x080049cc   Section        0  los_task.o(i.osTaskWake)
    i.osTickHandler                          0x08004a0c   Section        0  los_tick.o(i.osTickHandler)
    i.osTickStart                            0x08004a34   Section        0  los_hw_tick.o(i.osTickStart)
    i.osTimerListDelete                      0x08004aa4   Section        0  los_task.o(i.osTimerListDelete)
    i.osTimesliceCheck                       0x08004ad8   Section        0  los_timeslice.o(i.osTimesliceCheck)
    i.osTimesliceInit                        0x08004b10   Section        0  los_timeslice.o(i.osTimesliceInit)
    i.osTskStackInit                         0x08004b20   Section        0  los_hw.o(i.osTskStackInit)
    .constdata                               0x08004ba4   Section        8  stm32f4xx_hal_dma.o(.constdata)
    flagBitshiftOffset                       0x08004ba4   Data           8  stm32f4xx_hal_dma.o(.constdata)
    .constdata                               0x08004bac   Section       16  system_stm32f4xx.o(.constdata)
    .constdata                               0x08004bbc   Section        8  system_stm32f4xx.o(.constdata)
    .data                                    0x20000000   Section       16  main.o(.data)
    .data                                    0x20000010   Section       12  stm32f4xx_hal.o(.data)
    .data                                    0x2000001c   Section        4  system_stm32f4xx.o(.data)
    .data                                    0x20000020   Section        8  los_priqueue.o(.data)
    g_uwPriQueueBitmap                       0x20000020   Data           4  los_priqueue.o(.data)
    .data                                    0x20000028   Section       28  los_swtmr.o(.data)
    m_uwSwtimerRousesTime                    0x20000028   Data           4  los_swtmr.o(.data)
    m_pstRouses                              0x2000002c   Data           4  los_swtmr.o(.data)
    m_pstRousesPrev                          0x20000030   Data           4  los_swtmr.o(.data)
    .data                                    0x20000044   Section       72  los_task.o(.data)
    .data                                    0x2000008c   Section        4  los_tick.o(.data)
    .data                                    0x20000090   Section       16  los_tick.o(.data)
    .data                                    0x200000a0   Section        4  los_tick.o(.data)
    .data                                    0x200000a4   Section        8  los_timeslice.o(.data)
    .data                                    0x200000ac   Section       12  los_mux.o(.data)
    .data                                    0x200000b8   Section       12  los_queue.o(.data)
    .data                                    0x200000c4   Section       12  los_sem.o(.data)
    .data                                    0x200000d0   Section        4  los_err.o(.data)
    .data                                    0x200000d4   Section       16  los_heap.o(.data)
    g_uwAllocCount                           0x200000d4   Data           4  los_heap.o(.data)
    g_uwFreeCount                            0x200000d8   Data           4  los_heap.o(.data)
    g_uwCurHeapUsed                          0x200000dc   Data           4  los_heap.o(.data)
    g_uwMaxHeapUsed                          0x200000e0   Data           4  los_heap.o(.data)
    .data                                    0x200000e4   Section        4  los_memory.o(.data)
    .data                                    0x200000e8   Section        4  los_init.o(.data)
    .data                                    0x200000ec   Section        4  stdout.o(.data)
    .bss                                     0x200000f0   Section       60  tim.o(.bss)
    .bss                                     0x2000012c   Section      160  usart.o(.bss)
    .bss                                     0x200001cc   Section       64  los_swtmr.o(.bss)
    .bss                                     0x2000020c   Section      342  los_task.o(.bss)
    STACK                                    0x20000368   Section     1024  startup_stm32f407xx.o(STACK)

    Global Symbols

    Symbol Name                              Value     Ov Type        Size  Object(Section)

    BuildAttributes$$THM_ISAv4$E$P$D$K$B$S$7EM$VFPi3$EXTD16$VFPS$VFMA$PE$A:L22UL41UL21$X:L11$S22US41US21$IEEE1$IW$USESV6$~STKCKD$USESV7$~SHL$OSPACE$ROPI$EBA8$MICROLIB$REQ8$PRES8$EABIv2 0x00000000   Number         0  anon$$obj.o ABSOLUTE
    __ARM_use_no_argv                        0x00000000   Number         0  main.o ABSOLUTE
    _printf_a                                0x00000000   Number         0  stubs.o ABSOLUTE
    _printf_c                                0x00000000   Number         0  stubs.o ABSOLUTE
    _printf_charcount                        0x00000000   Number         0  stubs.o ABSOLUTE
    _printf_d                                0x00000000   Number         0  stubs.o ABSOLUTE
    _printf_e                                0x00000000   Number         0  stubs.o ABSOLUTE
    _printf_f                                0x00000000   Number         0  stubs.o ABSOLUTE
    _printf_flags                            0x00000000   Number         0  stubs.o ABSOLUTE
    _printf_fp_dec                           0x00000000   Number         0  stubs.o ABSOLUTE
    _printf_fp_hex                           0x00000000   Number         0  stubs.o ABSOLUTE
    _printf_g                                0x00000000   Number         0  stubs.o ABSOLUTE
    _printf_i                                0x00000000   Number         0  stubs.o ABSOLUTE
    _printf_int_dec                          0x00000000   Number         0  stubs.o ABSOLUTE
    _printf_l                                0x00000000   Number         0  stubs.o ABSOLUTE
    _printf_lc                               0x00000000   Number         0  stubs.o ABSOLUTE
    _printf_ll                               0x00000000   Number         0  stubs.o ABSOLUTE
    _printf_lld                              0x00000000   Number         0  stubs.o ABSOLUTE
    _printf_lli                              0x00000000   Number         0  stubs.o ABSOLUTE
    _printf_llo                              0x00000000   Number         0  stubs.o ABSOLUTE
    _printf_llu                              0x00000000   Number         0  stubs.o ABSOLUTE
    _printf_llx                              0x00000000   Number         0  stubs.o ABSOLUTE
    _printf_longlong_dec                     0x00000000   Number         0  stubs.o ABSOLUTE
    _printf_longlong_hex                     0x00000000   Number         0  stubs.o ABSOLUTE
    _printf_longlong_oct                     0x00000000   Number         0  stubs.o ABSOLUTE
    _printf_ls                               0x00000000   Number         0  stubs.o ABSOLUTE
    _printf_mbtowc                           0x00000000   Number         0  stubs.o ABSOLUTE
    _printf_n                                0x00000000   Number         0  stubs.o ABSOLUTE
    _printf_o                                0x00000000   Number         0  stubs.o ABSOLUTE
    _printf_p                                0x00000000   Number         0  stubs.o ABSOLUTE
    _printf_percent                          0x00000000   Number         0  stubs.o ABSOLUTE
    _printf_pre_padding                      0x00000000   Number         0  stubs.o ABSOLUTE
    _printf_return_value                     0x00000000   Number         0  stubs.o ABSOLUTE
    _printf_s                                0x00000000   Number         0  stubs.o ABSOLUTE
    _printf_sizespec                         0x00000000   Number         0  stubs.o ABSOLUTE
    _printf_str                              0x00000000   Number         0  stubs.o ABSOLUTE
    _printf_truncate_signed                  0x00000000   Number         0  stubs.o ABSOLUTE
    _printf_truncate_unsigned                0x00000000   Number         0  stubs.o ABSOLUTE
    _printf_u                                0x00000000   Number         0  stubs.o ABSOLUTE
    _printf_wc                               0x00000000   Number         0  stubs.o ABSOLUTE
    _printf_wctomb                           0x00000000   Number         0  stubs.o ABSOLUTE
    _printf_widthprec                        0x00000000   Number         0  stubs.o ABSOLUTE
    _printf_x                                0x00000000   Number         0  stubs.o ABSOLUTE
    __cpp_initialize__aeabi_                  - Undefined Weak Reference
    __cxa_finalize                            - Undefined Weak Reference
    __decompress                              - Undefined Weak Reference
    _clock_init                               - Undefined Weak Reference
    _microlib_exit                            - Undefined Weak Reference
    __Vectors_Size                           0x00000188   Number         0  startup_stm32f407xx.o ABSOLUTE
    __Vectors                                0x08000000   Data           4  startup_stm32f407xx.o(RESET)
    __Vectors_End                            0x08000188   Data           0  startup_stm32f407xx.o(RESET)
    __main                                   0x08000189   Thumb Code     0  entry.o(.ARM.Collect$$$$00000000)
    _main_stk                                0x08000189   Thumb Code     0  entry2.o(.ARM.Collect$$$$00000001)
    _main_scatterload                        0x0800018d   Thumb Code     0  entry5.o(.ARM.Collect$$$$00000004)
    __main_after_scatterload                 0x08000191   Thumb Code     0  entry5.o(.ARM.Collect$$$$00000004)
    _main_clock                              0x08000191   Thumb Code     0  entry7b.o(.ARM.Collect$$$$00000008)
    _main_cpp_init                           0x08000191   Thumb Code     0  entry8b.o(.ARM.Collect$$$$0000000A)
    _main_init                               0x08000191   Thumb Code     0  entry9a.o(.ARM.Collect$$$$0000000B)
    __rt_final_cpp                           0x08000199   Thumb Code     0  entry10a.o(.ARM.Collect$$$$0000000D)
    __rt_final_exit                          0x08000199   Thumb Code     0  entry11a.o(.ARM.Collect$$$$0000000F)
    Reset_Handler                            0x0800019d   Thumb Code     8  startup_stm32f407xx.o(.text)
    ADC_IRQHandler                           0x080001b7   Thumb Code     0  startup_stm32f407xx.o(.text)
    CAN1_RX0_IRQHandler                      0x080001b7   Thumb Code     0  startup_stm32f407xx.o(.text)
    CAN1_RX1_IRQHandler                      0x080001b7   Thumb Code     0  startup_stm32f407xx.o(.text)
    CAN1_SCE_IRQHandler                      0x080001b7   Thumb Code     0  startup_stm32f407xx.o(.text)
    CAN1_TX_IRQHandler                       0x080001b7   Thumb Code     0  startup_stm32f407xx.o(.text)
    CAN2_RX0_IRQHandler                      0x080001b7   Thumb Code     0  startup_stm32f407xx.o(.text)
    CAN2_RX1_IRQHandler                      0x080001b7   Thumb Code     0  startup_stm32f407xx.o(.text)
    CAN2_SCE_IRQHandler                      0x080001b7   Thumb Code     0  startup_stm32f407xx.o(.text)
    CAN2_TX_IRQHandler                       0x080001b7   Thumb Code     0  startup_stm32f407xx.o(.text)
    DCMI_IRQHandler                          0x080001b7   Thumb Code     0  startup_stm32f407xx.o(.text)
    DMA1_Stream0_IRQHandler                  0x080001b7   Thumb Code     0  startup_stm32f407xx.o(.text)
    DMA1_Stream1_IRQHandler                  0x080001b7   Thumb Code     0  startup_stm32f407xx.o(.text)
    DMA1_Stream2_IRQHandler                  0x080001b7   Thumb Code     0  startup_stm32f407xx.o(.text)
    DMA1_Stream3_IRQHandler                  0x080001b7   Thumb Code     0  startup_stm32f407xx.o(.text)
    DMA1_Stream4_IRQHandler                  0x080001b7   Thumb Code     0  startup_stm32f407xx.o(.text)
    DMA1_Stream5_IRQHandler                  0x080001b7   Thumb Code     0  startup_stm32f407xx.o(.text)
    DMA1_Stream6_IRQHandler                  0x080001b7   Thumb Code     0  startup_stm32f407xx.o(.text)
    DMA1_Stream7_IRQHandler                  0x080001b7   Thumb Code     0  startup_stm32f407xx.o(.text)
    DMA2_Stream0_IRQHandler                  0x080001b7   Thumb Code     0  startup_stm32f407xx.o(.text)
    DMA2_Stream1_IRQHandler                  0x080001b7   Thumb Code     0  startup_stm32f407xx.o(.text)
    DMA2_Stream2_IRQHandler                  0x080001b7   Thumb Code     0  startup_stm32f407xx.o(.text)
    DMA2_Stream3_IRQHandler                  0x080001b7   Thumb Code     0  startup_stm32f407xx.o(.text)
    DMA2_Stream4_IRQHandler                  0x080001b7   Thumb Code     0  startup_stm32f407xx.o(.text)
    DMA2_Stream6_IRQHandler                  0x080001b7   Thumb Code     0  startup_stm32f407xx.o(.text)
    DMA2_Stream7_IRQHandler                  0x080001b7   Thumb Code     0  startup_stm32f407xx.o(.text)
    ETH_IRQHandler                           0x080001b7   Thumb Code     0  startup_stm32f407xx.o(.text)
    ETH_WKUP_IRQHandler                      0x080001b7   Thumb Code     0  startup_stm32f407xx.o(.text)
    EXTI0_IRQHandler                         0x080001b7   Thumb Code     0  startup_stm32f407xx.o(.text)
    EXTI15_10_IRQHandler                     0x080001b7   Thumb Code     0  startup_stm32f407xx.o(.text)
    EXTI1_IRQHandler                         0x080001b7   Thumb Code     0  startup_stm32f407xx.o(.text)
    EXTI2_IRQHandler                         0x080001b7   Thumb Code     0  startup_stm32f407xx.o(.text)
    EXTI3_IRQHandler                         0x080001b7   Thumb Code     0  startup_stm32f407xx.o(.text)
    EXTI4_IRQHandler                         0x080001b7   Thumb Code     0  startup_stm32f407xx.o(.text)
    EXTI9_5_IRQHandler                       0x080001b7   Thumb Code     0  startup_stm32f407xx.o(.text)
    FLASH_IRQHandler                         0x080001b7   Thumb Code     0  startup_stm32f407xx.o(.text)
    FMC_IRQHandler                           0x080001b7   Thumb Code     0  startup_stm32f407xx.o(.text)
    FPU_IRQHandler                           0x080001b7   Thumb Code     0  startup_stm32f407xx.o(.text)
    HASH_RNG_IRQHandler                      0x080001b7   Thumb Code     0  startup_stm32f407xx.o(.text)
    I2C1_ER_IRQHandler                       0x080001b7   Thumb Code     0  startup_stm32f407xx.o(.text)
    I2C1_EV_IRQHandler                       0x080001b7   Thumb Code     0  startup_stm32f407xx.o(.text)
    I2C2_ER_IRQHandler                       0x080001b7   Thumb Code     0  startup_stm32f407xx.o(.text)
    I2C2_EV_IRQHandler                       0x080001b7   Thumb Code     0  startup_stm32f407xx.o(.text)
    I2C3_ER_IRQHandler                       0x080001b7   Thumb Code     0  startup_stm32f407xx.o(.text)
    I2C3_EV_IRQHandler                       0x080001b7   Thumb Code     0  startup_stm32f407xx.o(.text)
    OTG_FS_IRQHandler                        0x080001b7   Thumb Code     0  startup_stm32f407xx.o(.text)
    OTG_FS_WKUP_IRQHandler                   0x080001b7   Thumb Code     0  startup_stm32f407xx.o(.text)
    OTG_HS_EP1_IN_IRQHandler                 0x080001b7   Thumb Code     0  startup_stm32f407xx.o(.text)
    OTG_HS_EP1_OUT_IRQHandler                0x080001b7   Thumb Code     0  startup_stm32f407xx.o(.text)
    OTG_HS_IRQHandler                        0x080001b7   Thumb Code     0  startup_stm32f407xx.o(.text)
    OTG_HS_WKUP_IRQHandler                   0x080001b7   Thumb Code     0  startup_stm32f407xx.o(.text)
    PVD_IRQHandler                           0x080001b7   Thumb Code     0  startup_stm32f407xx.o(.text)
    RCC_IRQHandler                           0x080001b7   Thumb Code     0  startup_stm32f407xx.o(.text)
    RTC_Alarm_IRQHandler                     0x080001b7   Thumb Code     0  startup_stm32f407xx.o(.text)
    RTC_WKUP_IRQHandler                      0x080001b7   Thumb Code     0  startup_stm32f407xx.o(.text)
    SDIO_IRQHandler                          0x080001b7   Thumb Code     0  startup_stm32f407xx.o(.text)
    SPI1_IRQHandler                          0x080001b7   Thumb Code     0  startup_stm32f407xx.o(.text)
    SPI2_IRQHandler                          0x080001b7   Thumb Code     0  startup_stm32f407xx.o(.text)
    SPI3_IRQHandler                          0x080001b7   Thumb Code     0  startup_stm32f407xx.o(.text)
    TAMP_STAMP_IRQHandler                    0x080001b7   Thumb Code     0  startup_stm32f407xx.o(.text)
    TIM1_BRK_TIM9_IRQHandler                 0x080001b7   Thumb Code     0  startup_stm32f407xx.o(.text)
    TIM1_CC_IRQHandler                       0x080001b7   Thumb Code     0  startup_stm32f407xx.o(.text)
    TIM1_TRG_COM_TIM11_IRQHandler            0x080001b7   Thumb Code     0  startup_stm32f407xx.o(.text)
    TIM1_UP_TIM10_IRQHandler                 0x080001b7   Thumb Code     0  startup_stm32f407xx.o(.text)
    TIM2_IRQHandler                          0x080001b7   Thumb Code     0  startup_stm32f407xx.o(.text)
    TIM3_IRQHandler                          0x080001b7   Thumb Code     0  startup_stm32f407xx.o(.text)
    TIM4_IRQHandler                          0x080001b7   Thumb Code     0  startup_stm32f407xx.o(.text)
    TIM5_IRQHandler                          0x080001b7   Thumb Code     0  startup_stm32f407xx.o(.text)
    TIM6_DAC_IRQHandler                      0x080001b7   Thumb Code     0  startup_stm32f407xx.o(.text)
    TIM7_IRQHandler                          0x080001b7   Thumb Code     0  startup_stm32f407xx.o(.text)
    TIM8_BRK_TIM12_IRQHandler                0x080001b7   Thumb Code     0  startup_stm32f407xx.o(.text)
    TIM8_CC_IRQHandler                       0x080001b7   Thumb Code     0  startup_stm32f407xx.o(.text)
    TIM8_TRG_COM_TIM14_IRQHandler            0x080001b7   Thumb Code     0  startup_stm32f407xx.o(.text)
    TIM8_UP_TIM13_IRQHandler                 0x080001b7   Thumb Code     0  startup_stm32f407xx.o(.text)
    UART4_IRQHandler                         0x080001b7   Thumb Code     0  startup_stm32f407xx.o(.text)
    UART5_IRQHandler                         0x080001b7   Thumb Code     0  startup_stm32f407xx.o(.text)
    USART2_IRQHandler                        0x080001b7   Thumb Code     0  startup_stm32f407xx.o(.text)
    USART3_IRQHandler                        0x080001b7   Thumb Code     0  startup_stm32f407xx.o(.text)
    USART6_IRQHandler                        0x080001b7   Thumb Code     0  startup_stm32f407xx.o(.text)
    WWDG_IRQHandler                          0x080001b7   Thumb Code     0  startup_stm32f407xx.o(.text)
    LOS_StartToRun                           0x080001c1   Thumb Code     0  los_dispatch_keil.o(.text)
    LOS_IntLock                              0x0800020d   Thumb Code     0  los_dispatch_keil.o(.text)
    LOS_IntUnLock                            0x08000215   Thumb Code     0  los_dispatch_keil.o(.text)
    LOS_IntRestore                           0x0800021d   Thumb Code     0  los_dispatch_keil.o(.text)
    osTaskSchedule                           0x08000223   Thumb Code     0  los_dispatch_keil.o(.text)
    PendSV_Handler                           0x0800022d   Thumb Code     0  los_dispatch_keil.o(.text)
    __aeabi_uldivmod                         0x080002ad   Thumb Code    98  uldiv.o(.text)
    __aeabi_memcpy                           0x0800030f   Thumb Code    36  memcpya.o(.text)
    __aeabi_memcpy4                          0x0800030f   Thumb Code     0  memcpya.o(.text)
    __aeabi_memcpy8                          0x0800030f   Thumb Code     0  memcpya.o(.text)
    __aeabi_memset                           0x08000333   Thumb Code    14  memseta.o(.text)
    __aeabi_memset4                          0x08000333   Thumb Code     0  memseta.o(.text)
    __aeabi_memset8                          0x08000333   Thumb Code     0  memseta.o(.text)
    __aeabi_memclr                           0x08000341   Thumb Code     4  memseta.o(.text)
    __aeabi_memclr4                          0x08000341   Thumb Code     0  memseta.o(.text)
    __aeabi_memclr8                          0x08000341   Thumb Code     0  memseta.o(.text)
    _memset$wrapper                          0x08000345   Thumb Code    18  memseta.o(.text)
    __aeabi_ddiv                             0x08000357   Thumb Code   222  ddiv.o(.text)
    __aeabi_d2ulz                            0x08000435   Thumb Code    48  dfixul.o(.text)
    __aeabi_uidiv                            0x08000465   Thumb Code     0  uidiv.o(.text)
    __aeabi_uidivmod                         0x08000465   Thumb Code    44  uidiv.o(.text)
    __aeabi_llsl                             0x08000491   Thumb Code    30  llshl.o(.text)
    _ll_shift_l                              0x08000491   Thumb Code     0  llshl.o(.text)
    __aeabi_llsr                             0x080004af   Thumb Code    32  llushr.o(.text)
    _ll_ushift_r                             0x080004af   Thumb Code     0  llushr.o(.text)
    __I$use$fp                               0x080004cf   Thumb Code     0  iusefp.o(.text)
    _double_round                            0x080004cf   Thumb Code    30  depilogue.o(.text)
    _double_epilogue                         0x080004ed   Thumb Code   156  depilogue.o(.text)
    __aeabi_dadd                             0x08000589   Thumb Code   322  dadd.o(.text)
    __aeabi_dsub                             0x080006cb   Thumb Code     6  dadd.o(.text)
    __aeabi_drsub                            0x080006d1   Thumb Code     6  dadd.o(.text)
    __aeabi_dmul                             0x080006d7   Thumb Code   228  dmul.o(.text)
    __aeabi_cdrcmple                         0x080007bd   Thumb Code    48  cdrcmple.o(.text)
    __scatterload                            0x080007ed   Thumb Code    28  init.o(.text)
    __scatterload_rt2                        0x080007ed   Thumb Code     0  init.o(.text)
    __aeabi_lasr                             0x08000811   Thumb Code    36  llsshr.o(.text)
    _ll_sshift_r                             0x08000811   Thumb Code     0  llsshr.o(.text)
    BusFault_Handler                         0x0800094d   Thumb Code     2  stm32f4xx_it.o(i.BusFault_Handler)
    DHT11_Check                              0x08000951   Thumb Code    86  dht11.o(i.DHT11_Check)
    DHT11_Init                               0x080009b1   Thumb Code    14  dht11.o(i.DHT11_Init)
    DHT11_Read_Bit                           0x080009c1   Thumb Code    70  dht11.o(i.DHT11_Read_Bit)
    DHT11_Read_Byte                          0x08000a0d   Thumb Code    26  dht11.o(i.DHT11_Read_Byte)
    DHT11_Read_Data                          0x08000a27   Thumb Code    80  dht11.o(i.DHT11_Read_Data)
    DHT11_Rst                                0x08000a79   Thumb Code    52  dht11.o(i.DHT11_Rst)
    DMA2_Stream5_IRQHandler                  0x08000ab5   Thumb Code     6  stm32f4xx_it.o(i.DMA2_Stream5_IRQHandler)
    DebugMon_Handler                         0x08000b3d   Thumb Code     2  stm32f4xx_it.o(i.DebugMon_Handler)
    HAL_DMA_Abort_IT                         0x08000b3f   Thumb Code    36  stm32f4xx_hal_dma.o(i.HAL_DMA_Abort_IT)
    HAL_DMA_IRQHandler                       0x08000b65   Thumb Code   412  stm32f4xx_hal_dma.o(i.HAL_DMA_IRQHandler)
    HAL_DMA_Init                             0x08000d05   Thumb Code   206  stm32f4xx_hal_dma.o(i.HAL_DMA_Init)
    HAL_GPIO_Init                            0x08000dd9   Thumb Code   388  stm32f4xx_hal_gpio.o(i.HAL_GPIO_Init)
    HAL_GPIO_WritePin                        0x08000f89   Thumb Code    10  stm32f4xx_hal_gpio.o(i.HAL_GPIO_WritePin)
    HAL_GetTick                              0x08000f95   Thumb Code     6  stm32f4xx_hal.o(i.HAL_GetTick)
    HAL_Init                                 0x08000fa1   Thumb Code    48  stm32f4xx_hal.o(i.HAL_Init)
    HAL_InitTick                             0x08000fd5   Thumb Code    54  stm32f4xx_hal.o(i.HAL_InitTick)
    HAL_MspInit                              0x08001015   Thumb Code   126  stm32f4xx_hal_msp.o(i.HAL_MspInit)
    HAL_NVIC_EnableIRQ                       0x08001099   Thumb Code    22  stm32f4xx_hal_cortex.o(i.HAL_NVIC_EnableIRQ)
    HAL_NVIC_SetPriority                     0x080010b1   Thumb Code    60  stm32f4xx_hal_cortex.o(i.HAL_NVIC_SetPriority)
    HAL_NVIC_SetPriorityGrouping             0x080010f1   Thumb Code    26  stm32f4xx_hal_cortex.o(i.HAL_NVIC_SetPriorityGrouping)
    HAL_RCC_ClockConfig                      0x08001115   Thumb Code   286  stm32f4xx_hal_rcc.o(i.HAL_RCC_ClockConfig)
    HAL_RCC_GetHCLKFreq                      0x08001245   Thumb Code     6  stm32f4xx_hal_rcc.o(i.HAL_RCC_GetHCLKFreq)
    HAL_RCC_GetPCLK1Freq                     0x08001251   Thumb Code    20  stm32f4xx_hal_rcc.o(i.HAL_RCC_GetPCLK1Freq)
    HAL_RCC_GetPCLK2Freq                     0x08001271   Thumb Code    20  stm32f4xx_hal_rcc.o(i.HAL_RCC_GetPCLK2Freq)
    HAL_RCC_GetSysClockFreq                  0x08001291   Thumb Code    88  stm32f4xx_hal_rcc.o(i.HAL_RCC_GetSysClockFreq)
    HAL_RCC_OscConfig                        0x080012f1   Thumb Code   770  stm32f4xx_hal_rcc.o(i.HAL_RCC_OscConfig)
    HAL_SYSTICK_CLKSourceConfig              0x0800160d   Thumb Code    24  stm32f4xx_hal_cortex.o(i.HAL_SYSTICK_CLKSourceConfig)
    HAL_SYSTICK_Config                       0x08001625   Thumb Code    40  stm32f4xx_hal_cortex.o(i.HAL_SYSTICK_Config)
    HAL_TIMEx_MasterConfigSynchronization    0x0800164d   Thumb Code    80  stm32f4xx_hal_tim_ex.o(i.HAL_TIMEx_MasterConfigSynchronization)
    HAL_TIM_Base_Init                        0x0800169d   Thumb Code    54  stm32f4xx_hal_tim.o(i.HAL_TIM_Base_Init)
    HAL_TIM_Base_MspInit                     0x080016d5   Thumb Code    30  tim.o(i.HAL_TIM_Base_MspInit)
    HAL_TIM_Base_Start                       0x080016fd   Thumb Code    26  stm32f4xx_hal_tim.o(i.HAL_TIM_Base_Start)
    HAL_TIM_Base_Stop                        0x08001717   Thumb Code    44  stm32f4xx_hal_tim.o(i.HAL_TIM_Base_Stop)
    HAL_TIM_ConfigClockSource                0x08001743   Thumb Code   242  stm32f4xx_hal_tim.o(i.HAL_TIM_ConfigClockSource)
    HAL_UART_ErrorCallback                   0x08001835   Thumb Code     2  stm32f4xx_hal_uart.o(i.HAL_UART_ErrorCallback)
    HAL_UART_IRQHandler                      0x08001839   Thumb Code   266  stm32f4xx_hal_uart.o(i.HAL_UART_IRQHandler)
    HAL_UART_Init                            0x08001949   Thumb Code    98  stm32f4xx_hal_uart.o(i.HAL_UART_Init)
    HAL_UART_MspInit                         0x080019ad   Thumb Code   134  usart.o(i.HAL_UART_MspInit)
    HAL_UART_RxCpltCallback                  0x08001a59   Thumb Code     2  stm32f4xx_hal_uart.o(i.HAL_UART_RxCpltCallback)
    HAL_UART_TxCpltCallback                  0x08001a5b   Thumb Code     2  stm32f4xx_hal_uart.o(i.HAL_UART_TxCpltCallback)
    HardFault_Handler                        0x08001a5d   Thumb Code     2  stm32f4xx_it.o(i.HardFault_Handler)
    LOS_Align                                0x08001a5f   Thumb Code    20  los_misc.o(i.LOS_Align)
    LOS_ErrHandle                            0x08001a75   Thumb Code    22  los_err.o(i.LOS_ErrHandle)
    LOS_KernelInit                           0x08001a91   Thumb Code   130  los_init.o(i.LOS_KernelInit)
    LOS_MemAlloc                             0x08001bd3   Thumb Code    40  los_memory.o(i.LOS_MemAlloc)
    LOS_MemAllocAlign                        0x08001bfb   Thumb Code     4  los_memory.o(i.LOS_MemAllocAlign)
    LOS_MemFree                              0x08001bff   Thumb Code    38  los_memory.o(i.LOS_MemFree)
    LOS_MemInit                              0x08001c25   Thumb Code   160  los_memory.o(i.LOS_MemInit)
    LOS_MuxCreate                            0x08001d01   Thumb Code   102  los_mux.o(i.LOS_MuxCreate)
    LOS_MuxPend                              0x08001d89   Thumb Code   250  los_mux.o(i.LOS_MuxPend)
    LOS_MuxPost                              0x08001ed9   Thumb Code   156  los_mux.o(i.LOS_MuxPost)
    LOS_QueueCreate                          0x08001f99   Thumb Code   182  los_queue.o(i.LOS_QueueCreate)
    LOS_QueueReadCopy                        0x0800205d   Thumb Code    34  los_queue.o(i.LOS_QueueReadCopy)
    LOS_QueueWriteCopy                       0x0800207f   Thumb Code    38  los_queue.o(i.LOS_QueueWriteCopy)
    LOS_Schedule                             0x080020a5   Thumb Code    54  los_hw.o(i.LOS_Schedule)
    LOS_Start                                0x080020e5   Thumb Code    32  los_init.o(i.LOS_Start)
    LOS_TaskCreate                           0x08002121   Thumb Code   106  los_task.o(i.LOS_TaskCreate)
    LOS_TaskCreateOnly                       0x08002191   Thumb Code   310  los_task.o(i.LOS_TaskCreateOnly)
    LOS_TaskDelay                            0x080022e1   Thumb Code    94  los_task.o(i.LOS_TaskDelay)
    LOS_TaskDelete                           0x0800234d   Thumb Code   298  los_task.o(i.LOS_TaskDelete)
    LOS_TaskYield                            0x08002485   Thumb Code   102  los_task.o(i.LOS_TaskYield)
    LOS_TickCountGet                         0x080024f5   Thumb Code     8  los_sys.o(i.LOS_TickCountGet)
    MX_DMA_Init                              0x08002561   Thumb Code    40  dma.o(i.MX_DMA_Init)
    MX_GPIO_Init                             0x0800258d   Thumb Code   148  gpio.o(i.MX_GPIO_Init)
    MX_TIM3_Init                             0x0800262d   Thumb Code    92  tim.o(i.MX_TIM3_Init)
    MX_USART1_UART_Init                      0x080026a1   Thumb Code    52  usart.o(i.MX_USART1_UART_Init)
    MemManage_Handler                        0x080026ed   Thumb Code     2  stm32f4xx_it.o(i.MemManage_Handler)
    NMI_Handler                              0x080026ef   Thumb Code     2  stm32f4xx_it.o(i.NMI_Handler)
    OS_Debug_Printf                          0x08002711   Thumb Code    54  usart.o(i.OS_Debug_Printf)
    SVC_Handler                              0x0800278d   Thumb Code     2  stm32f4xx_it.o(i.SVC_Handler)
    SysTick_Handler                          0x08002791   Thumb Code    28  los_hwi.o(i.SysTick_Handler)
    SystemClock_Config                       0x080027b5   Thumb Code   150  main.o(i.SystemClock_Config)
    SystemInit                               0x08002855   Thumb Code    66  system_stm32f4xx.o(i.SystemInit)
    TIM_Base_SetConfig                       0x080028a9   Thumb Code   148  stm32f4xx_hal_tim.o(i.TIM_Base_SetConfig)
    USART1_IRQHandler                        0x08002d9d   Thumb Code     6  stm32f4xx_it.o(i.USART1_IRQHandler)
    UsageFault_Handler                       0x08002da9   Thumb Code     2  stm32f4xx_it.o(i.UsageFault_Handler)
    _Error_Handler                           0x08002dab   Thumb Code     2  main.o(i._Error_Handler)
    __0printf                                0x08002dad   Thumb Code    22  printfa.o(i.__0printf)
    __1printf                                0x08002dad   Thumb Code     0  printfa.o(i.__0printf)
    __2printf                                0x08002dad   Thumb Code     0  printfa.o(i.__0printf)
    __c89printf                              0x08002dad   Thumb Code     0  printfa.o(i.__0printf)
    printf                                   0x08002dad   Thumb Code     0  printfa.o(i.__0printf)
    __0vsnprintf                             0x08002dcd   Thumb Code    40  printfa.o(i.__0vsnprintf)
    __1vsnprintf                             0x08002dcd   Thumb Code     0  printfa.o(i.__0vsnprintf)
    __2vsnprintf                             0x08002dcd   Thumb Code     0  printfa.o(i.__0vsnprintf)
    __c89vsnprintf                           0x08002dcd   Thumb Code     0  printfa.o(i.__0vsnprintf)
    vsnprintf                                0x08002dcd   Thumb Code     0  printfa.o(i.__0vsnprintf)
    __scatterload_copy                       0x08002df9   Thumb Code    14  handlers.o(i.__scatterload_copy)
    __scatterload_null                       0x08002e07   Thumb Code     2  handlers.o(i.__scatterload_null)
    __scatterload_zeroinit                   0x08002e09   Thumb Code    14  handlers.o(i.__scatterload_zeroinit)
    delay_ms                                 0x080036e1   Thumb Code    10  tim.o(i.delay_ms)
    delay_us                                 0x080036ed   Thumb Code    38  tim.o(i.delay_us)
    fputc                                    0x08003719   Thumb Code    14  usart.o(i.fputc)
    main                                     0x0800372d   Thumb Code    88  main.o(i.main)
    osAlarmHeapInfo                          0x08003811   Thumb Code    26  los_heap.o(i.osAlarmHeapInfo)
    osAtomicBitsetClearBit                   0x0800382b   Thumb Code    30  los_slab.o(i.osAtomicBitsetClearBit)
    osAtomicBitsetFindClearAndSet            0x08003849   Thumb Code    66  los_slab.o(i.osAtomicBitsetFindClearAndSet)
    osAtomicBitsetGetBit                     0x0800388b   Thumb Code    34  los_slab.o(i.osAtomicBitsetGetBit)
    osAtomicBitsetInit                       0x080038ad   Thumb Code    44  los_slab.o(i.osAtomicBitsetInit)
    osHeapAlloc                              0x080038d9   Thumb Code   228  los_heap.o(i.osHeapAlloc)
    osHeapAllocAlign                         0x080039f9   Thumb Code    58  los_heap.o(i.osHeapAllocAlign)
    osHeapFree                               0x08003a35   Thumb Code   226  los_heap.o(i.osHeapFree)
    osHeapInit                               0x08003b39   Thumb Code    58  los_heap.o(i.osHeapInit)
    osHeapPrvGetNext                         0x08003b73   Thumb Code    22  los_heap.o(i.osHeapPrvGetNext)
    osHeapStatisticsGet                      0x08003b89   Thumb Code    66  los_heap.o(i.osHeapStatisticsGet)
    osIdleTask                               0x08003bd1   Thumb Code     2  los_task.o(i.osIdleTask)
    osIdleTaskCreate                         0x08003bd5   Thumb Code    44  los_task.o(i.osIdleTaskCreate)
    osIntNumGet                              0x08003c15   Thumb Code     6  los_hwi.o(i.osIntNumGet)
    osMemSystemInit                          0x08003c1d   Thumb Code    10  los_memory.o(i.osMemSystemInit)
    osMuxInit                                0x08003c31   Thumb Code    74  los_mux.o(i.osMuxInit)
    osPriqueueDequeue                        0x08003c89   Thumb Code    50  los_priqueue.o(i.osPriqueueDequeue)
    osPriqueueEnqueue                        0x08003cc1   Thumb Code    44  los_priqueue.o(i.osPriqueueEnqueue)
    osPriqueueInit                           0x08003cf1   Thumb Code    42  los_priqueue.o(i.osPriqueueInit)
    osPriqueueSize                           0x08003d25   Thumb Code    30  los_priqueue.o(i.osPriqueueSize)
    osPriqueueTop                            0x08003d49   Thumb Code    24  los_priqueue.o(i.osPriqueueTop)
    osQueueInit                              0x08003e35   Thumb Code    80  los_queue.o(i.osQueueInit)
    osQueueOperate                           0x08003e91   Thumb Code   342  los_queue.o(i.osQueueOperate)
    osSchedule                               0x08004061   Thumb Code     4  los_hw.o(i.osSchedule)
    osSemInit                                0x08004065   Thumb Code    72  los_sem.o(i.osSemInit)
    osSlabAllocatorAlloc                     0x080040b9   Thumb Code    28  los_slab.o(i.osSlabAllocatorAlloc)
    osSlabAllocatorFree                      0x080040d5   Thumb Code    56  los_slab.o(i.osSlabAllocatorFree)
    osSlabAllocatorNew                       0x0800410d   Thumb Code    70  los_slab.o(i.osSlabAllocatorNew)
    osSlabBlockHeadFill                      0x08004153   Thumb Code    20  los_slabmem.o(i.osSlabBlockHeadFill)
    osSlabCtrlHdrGet                         0x08004167   Thumb Code     4  los_memory.o(i.osSlabCtrlHdrGet)
    osSlabMemAlloc                           0x0800416b   Thumb Code    98  los_slabmem.o(i.osSlabMemAlloc)
    osSlabMemFree                            0x080041cd   Thumb Code    94  los_slabmem.o(i.osSlabMemFree)
    osSlabMemInit                            0x0800422d   Thumb Code    82  los_slabmem.o(i.osSlabMemInit)
    osSwTmrInit                              0x08004281   Thumb Code   112  los_swtmr.o(i.osSwTmrInit)
    osSwTmrStart                             0x08004301   Thumb Code   382  los_swtmr.o(i.osSwTmrStart)
    osSwTmrTask                              0x08004489   Thumb Code    56  los_swtmr.o(i.osSwTmrTask)
    osSwTmrTaskCreate                        0x080044c5   Thumb Code    44  los_swtmr.o(i.osSwTmrTaskCreate)
    osSwtmrScan                              0x08004591   Thumb Code    24  los_swtmr.o(i.osSwtmrScan)
    osTaskAdd2TimerList                      0x080045ad   Thumb Code   126  los_task.o(i.osTaskAdd2TimerList)
    osTaskEntry                              0x08004631   Thumb Code    38  los_task.o(i.osTaskEntry)
    osTaskExit                               0x0800465d   Thumb Code     4  los_hw.o(i.osTaskExit)
    osTaskInit                               0x08004661   Thumb Code   200  los_task.o(i.osTaskInit)
    osTaskMonInit                            0x08004735   Thumb Code    30  los_task.o(i.osTaskMonInit)
    osTaskPriModify                          0x08004761   Thumb Code    48  los_task.o(i.osTaskPriModify)
    osTaskScan                               0x08004791   Thumb Code   174  los_task.o(i.osTaskScan)
    osTaskSwitchCheck                        0x08004845   Thumb Code   170  los_task.o(i.osTaskSwitchCheck)
    osTaskWait                               0x08004981   Thumb Code    70  los_task.o(i.osTaskWait)
    osTaskWake                               0x080049cd   Thumb Code    64  los_task.o(i.osTaskWake)
    osTickHandler                            0x08004a0d   Thumb Code    34  los_tick.o(i.osTickHandler)
    osTickStart                              0x08004a35   Thumb Code    86  los_hw_tick.o(i.osTickStart)
    osTimerListDelete                        0x08004aa5   Thumb Code    48  los_task.o(i.osTimerListDelete)
    osTimesliceCheck                         0x08004ad9   Thumb Code    44  los_timeslice.o(i.osTimesliceCheck)
    osTimesliceInit                          0x08004b11   Thumb Code    12  los_timeslice.o(i.osTimesliceInit)
    osTskStackInit                           0x08004b21   Thumb Code   124  los_hw.o(i.osTskStackInit)
    AHBPrescTable                            0x08004bac   Data          16  system_stm32f4xx.o(.constdata)
    APBPrescTable                            0x08004bbc   Data           8  system_stm32f4xx.o(.constdata)
    Region$$Table$$Base                      0x08004bc4   Number         0  anon$$obj.o(Region$$Table)
    Region$$Table$$Limit                     0x08004be4   Number         0  anon$$obj.o(Region$$Table)
    LED0_Task_Handle                         0x20000000   Data           4  main.o(.data)
    LED1_Task_Handle                         0x20000004   Data           4  main.o(.data)
    DHT11_Task_Handle                        0x20000008   Data           4  main.o(.data)
    MUTEX_OS_Printf_Handle                   0x2000000c   Data           4  main.o(.data)
    uwTickFreq                               0x20000010   Data           1  stm32f4xx_hal.o(.data)
    uwTickPrio                               0x20000014   Data           4  stm32f4xx_hal.o(.data)
    uwTick                                   0x20000018   Data           4  stm32f4xx_hal.o(.data)
    SystemCoreClock                          0x2000001c   Data           4  system_stm32f4xx.o(.data)
    g_pstLosPriorityQueueList                0x20000024   Data           4  los_priqueue.o(.data)
    m_uwSwTmrHandlerQueue                    0x20000034   Data           4  los_swtmr.o(.data)
    m_pstSwtmrCBArray                        0x20000038   Data           4  los_swtmr.o(.data)
    m_pstSwtmrFreeList                       0x2000003c   Data           4  los_swtmr.o(.data)
    m_pstSwtmrSortList                       0x20000040   Data           4  los_swtmr.o(.data)
    g_usLosTaskLock                          0x20000044   Data           2  los_task.o(.data)
    g_pfnTskSwitchHook                       0x20000048   Data           4  los_task.o(.data)
    g_pfnUsrTskSwitchHook                    0x2000004c   Data           4  los_task.o(.data)
    g_pstTaskCBArray                         0x20000050   Data           4  los_task.o(.data)
    g_uwTskMaxNum                            0x20000054   Data           4  los_task.o(.data)
    g_uwIdleTaskID                           0x20000058   Data           4  los_task.o(.data)
    g_uwSwtmrTaskID                          0x2000005c   Data           4  los_task.o(.data)
    g_bTaskScheduled                         0x20000060   Data           4  los_task.o(.data)
    g_stLosTask                              0x20000064   Data           8  los_task.o(.data)
    g_stTaskTimerList                        0x2000006c   Data           8  los_task.o(.data)
    g_stLosFreeTask                          0x20000074   Data           8  los_task.o(.data)
    g_stTskRecyleList                        0x2000007c   Data           8  los_task.o(.data)
    g_stTskSortLink                          0x20000084   Data           8  los_task.o(.data)
    g_bSysTickStart                          0x2000008c   Data           4  los_tick.o(.data)
    g_uwSysClock                             0x20000090   Data           4  los_tick.o(.data)
    g_ullTickCount                           0x20000098   Data           8  los_tick.o(.data)
    g_uwCyclesPerTick                        0x200000a0   Data           4  los_tick.o(.data)
    g_stTaskTimeSlice                        0x200000a4   Data           8  los_timeslice.o(.data)
    g_pstAllMux                              0x200000ac   Data           4  los_mux.o(.data)
    g_stUnusedMuxList                        0x200000b0   Data           8  los_mux.o(.data)
    g_pstAllQueue                            0x200000b8   Data           4  los_queue.o(.data)
    g_stFreeQueueList                        0x200000bc   Data           8  los_queue.o(.data)
    g_pstAllSem                              0x200000c4   Data           4  los_sem.o(.data)
    g_stUnusedSemList                        0x200000c8   Data           8  los_sem.o(.data)
    g_stUserErrFunc                          0x200000d0   Data           4  los_err.o(.data)
    g_pPoolHead                              0x200000e4   Data           4  los_memory.o(.data)
    m_aucSysMem0                             0x200000e8   Data           4  los_init.o(.data)
    __stdout                                 0x200000ec   Data           4  stdout.o(.data)
    htim3                                    0x200000f0   Data          60  tim.o(.bss)
    huart1                                   0x2000012c   Data          64  usart.o(.bss)
    hdma_usart1_rx                           0x2000016c   Data          96  usart.o(.bss)
    m_uwSwTmrAlignID                         0x200001cc   Data          64  los_swtmr.o(.bss)
    g_astTskSwitchInfo                       0x2000020c   Data         342  los_task.o(.bss)
    Image$$RW_IRAM1$$ZI$$Limit               0x20000768   Number         0  anon$$obj.o ABSOLUTE
    __initial_sp                             0x20000768   Data           0  startup_stm32f407xx.o(STACK)



==============================================================================

Memory Map of the image

  Image Entry point : 0x08000189

  Load Region LR_IROM1 (Base: 0x08000000, Size: 0x00004cd4, Max: 0x00100000, ABSOLUTE)

    Execution Region ER_IROM1 (Exec base: 0x08000000, Load base: 0x08000000, Size: 0x00004be4, Max: 0x00100000, ABSOLUTE)

    Exec Addr    Load Addr    Size         Type   Attr      Idx    E Section Name        Object

    0x08000000   0x08000000   0x00000188   Data   RO            3    RESET               startup_stm32f407xx.o
    0x08000188   0x08000188   0x00000000   Code   RO         4700  * .ARM.Collect$$$$00000000  mc_w.l(entry.o)
    0x08000188   0x08000188   0x00000004   Code   RO         4982    .ARM.Collect$$$$00000001  mc_w.l(entry2.o)
    0x0800018c   0x0800018c   0x00000004   Code   RO         4985    .ARM.Collect$$$$00000004  mc_w.l(entry5.o)
    0x08000190   0x08000190   0x00000000   Code   RO         4987    .ARM.Collect$$$$00000008  mc_w.l(entry7b.o)
    0x08000190   0x08000190   0x00000000   Code   RO         4989    .ARM.Collect$$$$0000000A  mc_w.l(entry8b.o)
    0x08000190   0x08000190   0x00000008   Code   RO         4990    .ARM.Collect$$$$0000000B  mc_w.l(entry9a.o)
    0x08000198   0x08000198   0x00000000   Code   RO         4992    .ARM.Collect$$$$0000000D  mc_w.l(entry10a.o)
    0x08000198   0x08000198   0x00000000   Code   RO         4994    .ARM.Collect$$$$0000000F  mc_w.l(entry11a.o)
    0x08000198   0x08000198   0x00000004   Code   RO         4983    .ARM.Collect$$$$00002712  mc_w.l(entry2.o)
    0x0800019c   0x0800019c   0x00000024   Code   RO            4    .text               startup_stm32f407xx.o
    0x080001c0   0x080001c0   0x000000ec   Code   RO         4621    .text               los_dispatch_keil.o
    0x080002ac   0x080002ac   0x00000062   Code   RO         4703    .text               mc_w.l(uldiv.o)
    0x0800030e   0x0800030e   0x00000024   Code   RO         4705    .text               mc_w.l(memcpya.o)
    0x08000332   0x08000332   0x00000024   Code   RO         4707    .text               mc_w.l(memseta.o)
    0x08000356   0x08000356   0x000000de   Code   RO         4974    .text               mf_w.l(ddiv.o)
    0x08000434   0x08000434   0x00000030   Code   RO         4980    .text               mf_w.l(dfixul.o)
    0x08000464   0x08000464   0x0000002c   Code   RO         4997    .text               mc_w.l(uidiv.o)
    0x08000490   0x08000490   0x0000001e   Code   RO         4999    .text               mc_w.l(llshl.o)
    0x080004ae   0x080004ae   0x00000020   Code   RO         5001    .text               mc_w.l(llushr.o)
    0x080004ce   0x080004ce   0x00000000   Code   RO         5003    .text               mc_w.l(iusefp.o)
    0x080004ce   0x080004ce   0x000000ba   Code   RO         5004    .text               mf_w.l(depilogue.o)
    0x08000588   0x08000588   0x0000014e   Code   RO         5006    .text               mf_w.l(dadd.o)
    0x080006d6   0x080006d6   0x000000e4   Code   RO         5008    .text               mf_w.l(dmul.o)
    0x080007ba   0x080007ba   0x00000002   PAD
    0x080007bc   0x080007bc   0x00000030   Code   RO         5010    .text               mf_w.l(cdrcmple.o)
    0x080007ec   0x080007ec   0x00000024   Code   RO         5012    .text               mc_w.l(init.o)
    0x08000810   0x08000810   0x00000024   Code   RO         5014    .text               mc_w.l(llsshr.o)
    0x08000834   0x08000834   0x00000118   Code   RO           13    i.AppTaskCreate     main.o
    0x0800094c   0x0800094c   0x00000002   Code   RO          446    i.BusFault_Handler  stm32f4xx_it.o
    0x0800094e   0x0800094e   0x00000002   PAD
    0x08000950   0x08000950   0x00000060   Code   RO         4627    i.DHT11_Check       dht11.o
    0x080009b0   0x080009b0   0x0000000e   Code   RO         4628    i.DHT11_Init        dht11.o
    0x080009be   0x080009be   0x00000002   PAD
    0x080009c0   0x080009c0   0x0000004c   Code   RO         4629    i.DHT11_Read_Bit    dht11.o
    0x08000a0c   0x08000a0c   0x0000001a   Code   RO         4630    i.DHT11_Read_Byte   dht11.o
    0x08000a26   0x08000a26   0x00000050   Code   RO         4631    i.DHT11_Read_Data   dht11.o
    0x08000a76   0x08000a76   0x00000002   PAD
    0x08000a78   0x08000a78   0x0000003c   Code   RO         4632    i.DHT11_Rst         dht11.o
    0x08000ab4   0x08000ab4   0x0000000c   Code   RO          447    i.DMA2_Stream5_IRQHandler  stm32f4xx_it.o
    0x08000ac0   0x08000ac0   0x00000028   Code   RO         2201    i.DMA_CalcBaseAndBitshift  stm32f4xx_hal_dma.o
    0x08000ae8   0x08000ae8   0x00000054   Code   RO         2202    i.DMA_CheckFifoParam  stm32f4xx_hal_dma.o
    0x08000b3c   0x08000b3c   0x00000002   Code   RO          448    i.DebugMon_Handler  stm32f4xx_it.o
    0x08000b3e   0x08000b3e   0x00000024   Code   RO         2205    i.HAL_DMA_Abort_IT  stm32f4xx_hal_dma.o
    0x08000b62   0x08000b62   0x00000002   PAD
    0x08000b64   0x08000b64   0x000001a0   Code   RO         2209    i.HAL_DMA_IRQHandler  stm32f4xx_hal_dma.o
    0x08000d04   0x08000d04   0x000000d4   Code   RO         2210    i.HAL_DMA_Init      stm32f4xx_hal_dma.o
    0x08000dd8   0x08000dd8   0x000001b0   Code   RO         2097    i.HAL_GPIO_Init     stm32f4xx_hal_gpio.o
    0x08000f88   0x08000f88   0x0000000a   Code   RO         2101    i.HAL_GPIO_WritePin  stm32f4xx_hal_gpio.o
    0x08000f92   0x08000f92   0x00000002   PAD
    0x08000f94   0x08000f94   0x0000000c   Code   RO         2629    i.HAL_GetTick       stm32f4xx_hal.o
    0x08000fa0   0x08000fa0   0x00000034   Code   RO         2634    i.HAL_Init          stm32f4xx_hal.o
    0x08000fd4   0x08000fd4   0x00000040   Code   RO         2635    i.HAL_InitTick      stm32f4xx_hal.o
    0x08001014   0x08001014   0x00000084   Code   RO          522    i.HAL_MspInit       stm32f4xx_hal_msp.o
    0x08001098   0x08001098   0x00000016   Code   RO         2486    i.HAL_NVIC_EnableIRQ  stm32f4xx_hal_cortex.o
    0x080010ae   0x080010ae   0x00000002   PAD
    0x080010b0   0x080010b0   0x00000040   Code   RO         2492    i.HAL_NVIC_SetPriority  stm32f4xx_hal_cortex.o
    0x080010f0   0x080010f0   0x00000024   Code   RO         2493    i.HAL_NVIC_SetPriorityGrouping  stm32f4xx_hal_cortex.o
    0x08001114   0x08001114   0x00000130   Code   RO         1743    i.HAL_RCC_ClockConfig  stm32f4xx_hal_rcc.o
    0x08001244   0x08001244   0x0000000c   Code   RO         1748    i.HAL_RCC_GetHCLKFreq  stm32f4xx_hal_rcc.o
    0x08001250   0x08001250   0x00000020   Code   RO         1750    i.HAL_RCC_GetPCLK1Freq  stm32f4xx_hal_rcc.o
    0x08001270   0x08001270   0x00000020   Code   RO         1751    i.HAL_RCC_GetPCLK2Freq  stm32f4xx_hal_rcc.o
    0x08001290   0x08001290   0x00000060   Code   RO         1752    i.HAL_RCC_GetSysClockFreq  stm32f4xx_hal_rcc.o
    0x080012f0   0x080012f0   0x0000031c   Code   RO         1755    i.HAL_RCC_OscConfig  stm32f4xx_hal_rcc.o
    0x0800160c   0x0800160c   0x00000018   Code   RO         2495    i.HAL_SYSTICK_CLKSourceConfig  stm32f4xx_hal_cortex.o
    0x08001624   0x08001624   0x00000028   Code   RO         2497    i.HAL_SYSTICK_Config  stm32f4xx_hal_cortex.o
    0x0800164c   0x0800164c   0x00000050   Code   RO         1194    i.HAL_TIMEx_MasterConfigSynchronization  stm32f4xx_hal_tim_ex.o
    0x0800169c   0x0800169c   0x00000036   Code   RO          548    i.HAL_TIM_Base_Init  stm32f4xx_hal_tim.o
    0x080016d2   0x080016d2   0x00000002   PAD
    0x080016d4   0x080016d4   0x00000028   Code   RO          325    i.HAL_TIM_Base_MspInit  tim.o
    0x080016fc   0x080016fc   0x0000001a   Code   RO          551    i.HAL_TIM_Base_Start  stm32f4xx_hal_tim.o
    0x08001716   0x08001716   0x0000002c   Code   RO          554    i.HAL_TIM_Base_Stop  stm32f4xx_hal_tim.o
    0x08001742   0x08001742   0x000000f2   Code   RO          557    i.HAL_TIM_ConfigClockSource  stm32f4xx_hal_tim.o
    0x08001834   0x08001834   0x00000002   Code   RO         1437    i.HAL_UART_ErrorCallback  stm32f4xx_hal_uart.o
    0x08001836   0x08001836   0x00000002   PAD
    0x08001838   0x08001838   0x00000110   Code   RO         1440    i.HAL_UART_IRQHandler  stm32f4xx_hal_uart.o
    0x08001948   0x08001948   0x00000062   Code   RO         1441    i.HAL_UART_Init     stm32f4xx_hal_uart.o
    0x080019aa   0x080019aa   0x00000002   PAD
    0x080019ac   0x080019ac   0x000000ac   Code   RO          379    i.HAL_UART_MspInit  usart.o
    0x08001a58   0x08001a58   0x00000002   Code   RO         1447    i.HAL_UART_RxCpltCallback  stm32f4xx_hal_uart.o
    0x08001a5a   0x08001a5a   0x00000002   Code   RO         1452    i.HAL_UART_TxCpltCallback  stm32f4xx_hal_uart.o
    0x08001a5c   0x08001a5c   0x00000002   Code   RO          449    i.HardFault_Handler  stm32f4xx_it.o
    0x08001a5e   0x08001a5e   0x00000014   Code   RO         3897    i.LOS_Align         los_misc.o
    0x08001a72   0x08001a72   0x00000002   PAD
    0x08001a74   0x08001a74   0x0000001c   Code   RO         3927    i.LOS_ErrHandle     los_err.o
    0x08001a90   0x08001a90   0x000000f0   Code   RO         4448    i.LOS_KernelInit    los_init.o
    0x08001b80   0x08001b80   0x0000000e   Code   RO         3165    i.LOS_ListAdd       los_task.o
    0x08001b8e   0x08001b8e   0x0000000e   Code   RO         3628    i.LOS_ListAdd       los_mux.o
    0x08001b9c   0x08001b9c   0x0000000e   Code   RO         3693    i.LOS_ListAdd       los_queue.o
    0x08001baa   0x08001baa   0x0000000e   Code   RO         3824    i.LOS_ListAdd       los_sem.o
    0x08001bb8   0x08001bb8   0x00000014   Code   RO         3166    i.LOS_ListDelete    los_task.o
    0x08001bcc   0x08001bcc   0x00000006   Code   RO         3167    i.LOS_ListTailInsert  los_task.o
    0x08001bd2   0x08001bd2   0x00000028   Code   RO         4033    i.LOS_MemAlloc      los_memory.o
    0x08001bfa   0x08001bfa   0x00000004   Code   RO         4034    i.LOS_MemAllocAlign  los_memory.o
    0x08001bfe   0x08001bfe   0x00000026   Code   RO         4036    i.LOS_MemFree       los_memory.o
    0x08001c24   0x08001c24   0x000000dc   Code   RO         4038    i.LOS_MemInit       los_memory.o
    0x08001d00   0x08001d00   0x00000088   Code   RO         3629    i.LOS_MuxCreate     los_mux.o
    0x08001d88   0x08001d88   0x00000150   Code   RO         3631    i.LOS_MuxPend       los_mux.o
    0x08001ed8   0x08001ed8   0x000000c0   Code   RO         3632    i.LOS_MuxPost       los_mux.o
    0x08001f98   0x08001f98   0x000000c4   Code   RO         3694    i.LOS_QueueCreate   los_queue.o
    0x0800205c   0x0800205c   0x00000022   Code   RO         3698    i.LOS_QueueReadCopy  los_queue.o
    0x0800207e   0x0800207e   0x00000026   Code   RO         3700    i.LOS_QueueWriteCopy  los_queue.o
    0x080020a4   0x080020a4   0x00000040   Code   RO         4497    i.LOS_Schedule      los_hw.o
    0x080020e4   0x080020e4   0x0000003c   Code   RO         4450    i.LOS_Start         los_init.o
    0x08002120   0x08002120   0x00000070   Code   RO         3170    i.LOS_TaskCreate    los_task.o
    0x08002190   0x08002190   0x00000150   Code   RO         3171    i.LOS_TaskCreateOnly  los_task.o
    0x080022e0   0x080022e0   0x0000006c   Code   RO         3172    i.LOS_TaskDelay     los_task.o
    0x0800234c   0x0800234c   0x00000138   Code   RO         3173    i.LOS_TaskDelete    los_task.o
    0x08002484   0x08002484   0x00000070   Code   RO         3186    i.LOS_TaskYield     los_task.o
    0x080024f4   0x080024f4   0x0000000c   Code   RO         3098    i.LOS_TickCountGet  los_sys.o
    0x08002500   0x08002500   0x00000030   Code   RO           14    i.Led0_Task         main.o
    0x08002530   0x08002530   0x00000030   Code   RO           15    i.Led1_Task         main.o
    0x08002560   0x08002560   0x0000002c   Code   RO          300    i.MX_DMA_Init       dma.o
    0x0800258c   0x0800258c   0x000000a0   Code   RO          272    i.MX_GPIO_Init      gpio.o
    0x0800262c   0x0800262c   0x00000074   Code   RO          326    i.MX_TIM3_Init      tim.o
    0x080026a0   0x080026a0   0x0000004c   Code   RO          380    i.MX_USART1_UART_Init  usart.o
    0x080026ec   0x080026ec   0x00000002   Code   RO          450    i.MemManage_Handler  stm32f4xx_it.o
    0x080026ee   0x080026ee   0x00000002   Code   RO          451    i.NMI_Handler       stm32f4xx_it.o
    0x080026f0   0x080026f0   0x00000020   Code   RO         2499    i.NVIC_SetPriority  stm32f4xx_hal_cortex.o
    0x08002710   0x08002710   0x00000040   Code   RO          381    i.OS_Debug_Printf   usart.o
    0x08002750   0x08002750   0x0000003c   Code   RO           16    i.Read_DHT11_Data   main.o
    0x0800278c   0x0800278c   0x00000002   Code   RO          452    i.SVC_Handler       stm32f4xx_it.o
    0x0800278e   0x0800278e   0x00000002   PAD
    0x08002790   0x08002790   0x00000024   Code   RO         4591    i.SysTick_Handler   los_hwi.o
    0x080027b4   0x080027b4   0x000000a0   Code   RO           17    i.SystemClock_Config  main.o
    0x08002854   0x08002854   0x00000054   Code   RO         2788    i.SystemInit        system_stm32f4xx.o
    0x080028a8   0x080028a8   0x000000c0   Code   RO          632    i.TIM_Base_SetConfig  stm32f4xx_hal_tim.o
    0x08002968   0x08002968   0x00000014   Code   RO          639    i.TIM_ETR_SetConfig  stm32f4xx_hal_tim.o
    0x0800297c   0x0800297c   0x00000010   Code   RO          640    i.TIM_ITRx_SetConfig  stm32f4xx_hal_tim.o
    0x0800298c   0x0800298c   0x00000022   Code   RO          646    i.TIM_TI1_ConfigInputStage  stm32f4xx_hal_tim.o
    0x080029ae   0x080029ae   0x00000024   Code   RO          648    i.TIM_TI2_ConfigInputStage  stm32f4xx_hal_tim.o
    0x080029d2   0x080029d2   0x00000010   Code   RO         1454    i.UART_DMAAbortOnError  stm32f4xx_hal_uart.o
    0x080029e2   0x080029e2   0x0000001c   Code   RO         1464    i.UART_EndRxTransfer  stm32f4xx_hal_uart.o
    0x080029fe   0x080029fe   0x0000008c   Code   RO         1466    i.UART_Receive_IT   stm32f4xx_hal_uart.o
    0x08002a8a   0x08002a8a   0x00000002   PAD
    0x08002a8c   0x08002a8c   0x000002ac   Code   RO         1467    i.UART_SetConfig    stm32f4xx_hal_uart.o
    0x08002d38   0x08002d38   0x00000062   Code   RO         1468    i.UART_Transmit_IT  stm32f4xx_hal_uart.o
    0x08002d9a   0x08002d9a   0x00000002   PAD
    0x08002d9c   0x08002d9c   0x0000000c   Code   RO          453    i.USART1_IRQHandler  stm32f4xx_it.o
    0x08002da8   0x08002da8   0x00000002   Code   RO          454    i.UsageFault_Handler  stm32f4xx_it.o
    0x08002daa   0x08002daa   0x00000002   Code   RO           18    i._Error_Handler    main.o
    0x08002dac   0x08002dac   0x00000020   Code   RO         4946    i.__0printf         mc_w.l(printfa.o)
    0x08002dcc   0x08002dcc   0x0000002c   Code   RO         4951    i.__0vsnprintf      mc_w.l(printfa.o)
    0x08002df8   0x08002df8   0x0000000e   Code   RO         5018    i.__scatterload_copy  mc_w.l(handlers.o)
    0x08002e06   0x08002e06   0x00000002   Code   RO         5019    i.__scatterload_null  mc_w.l(handlers.o)
    0x08002e08   0x08002e08   0x0000000e   Code   RO         5020    i.__scatterload_zeroinit  mc_w.l(handlers.o)
    0x08002e16   0x08002e16   0x00000002   PAD
    0x08002e18   0x08002e18   0x00000184   Code   RO         4953    i._fp_digits        mc_w.l(printfa.o)
    0x08002f9c   0x08002f9c   0x000006dc   Code   RO         4954    i._printf_core      mc_w.l(printfa.o)
    0x08003678   0x08003678   0x00000024   Code   RO         4955    i._printf_post_padding  mc_w.l(printfa.o)
    0x0800369c   0x0800369c   0x0000002e   Code   RO         4956    i._printf_pre_padding  mc_w.l(printfa.o)
    0x080036ca   0x080036ca   0x00000016   Code   RO         4957    i._snputc           mc_w.l(printfa.o)
    0x080036e0   0x080036e0   0x0000000a   Code   RO          327    i.delay_ms          tim.o
    0x080036ea   0x080036ea   0x00000002   PAD
    0x080036ec   0x080036ec   0x0000002c   Code   RO          328    i.delay_us          tim.o
    0x08003718   0x08003718   0x00000014   Code   RO          383    i.fputc             usart.o
    0x0800372c   0x0800372c   0x000000e4   Code   RO           19    i.main              main.o
    0x08003810   0x08003810   0x0000001a   Code   RO         3960    i.osAlarmHeapInfo   los_heap.o
    0x0800382a   0x0800382a   0x0000001e   Code   RO         4172    i.osAtomicBitsetClearBit  los_slab.o
    0x08003848   0x08003848   0x00000042   Code   RO         4174    i.osAtomicBitsetFindClearAndSet  los_slab.o
    0x0800388a   0x0800388a   0x00000022   Code   RO         4175    i.osAtomicBitsetGetBit  los_slab.o
    0x080038ac   0x080038ac   0x0000002c   Code   RO         4177    i.osAtomicBitsetInit  los_slab.o
    0x080038d8   0x080038d8   0x00000120   Code   RO         3961    i.osHeapAlloc       los_heap.o
    0x080039f8   0x080039f8   0x0000003a   Code   RO         3962    i.osHeapAllocAlign  los_heap.o
    0x08003a32   0x08003a32   0x00000002   PAD
    0x08003a34   0x08003a34   0x00000104   Code   RO         3963    i.osHeapFree        los_heap.o
    0x08003b38   0x08003b38   0x0000003a   Code   RO         3966    i.osHeapInit        los_heap.o
    0x08003b72   0x08003b72   0x00000016   Code   RO         3967    i.osHeapPrvGetNext  los_heap.o
    0x08003b88   0x08003b88   0x00000048   Code   RO         3968    i.osHeapStatisticsGet  los_heap.o
    0x08003bd0   0x08003bd0   0x00000002   Code   RO         3190    i.osIdleTask        los_task.o
    0x08003bd2   0x08003bd2   0x00000002   PAD
    0x08003bd4   0x08003bd4   0x00000040   Code   RO         3191    i.osIdleTaskCreate  los_task.o
    0x08003c14   0x08003c14   0x00000006   Code   RO         4592    i.osIntNumGet       los_hwi.o
    0x08003c1a   0x08003c1a   0x00000002   PAD
    0x08003c1c   0x08003c1c   0x00000014   Code   RO         4042    i.osMemSystemInit   los_memory.o
    0x08003c30   0x08003c30   0x00000058   Code   RO         3633    i.osMuxInit         los_mux.o
    0x08003c88   0x08003c88   0x00000038   Code   RO         2825    i.osPriqueueDequeue  los_priqueue.o
    0x08003cc0   0x08003cc0   0x00000030   Code   RO         2826    i.osPriqueueEnqueue  los_priqueue.o
    0x08003cf0   0x08003cf0   0x00000034   Code   RO         2827    i.osPriqueueInit    los_priqueue.o
    0x08003d24   0x08003d24   0x00000024   Code   RO         2828    i.osPriqueueSize    los_priqueue.o
    0x08003d48   0x08003d48   0x0000001c   Code   RO         2829    i.osPriqueueTop     los_priqueue.o
    0x08003d64   0x08003d64   0x000000d0   Code   RO         3703    i.osQueueBufferOperate  los_queue.o
    0x08003e34   0x08003e34   0x0000005c   Code   RO         3704    i.osQueueInit       los_queue.o
    0x08003e90   0x08003e90   0x00000168   Code   RO         3707    i.osQueueOperate    los_queue.o
    0x08003ff8   0x08003ff8   0x00000034   Code   RO         3708    i.osQueueReadParameterCheck  los_queue.o
    0x0800402c   0x0800402c   0x00000034   Code   RO         3709    i.osQueueWriteParameterCheck  los_queue.o
    0x08004060   0x08004060   0x00000004   Code   RO         4499    i.osSchedule        los_hw.o
    0x08004064   0x08004064   0x00000054   Code   RO         3830    i.osSemInit         los_sem.o
    0x080040b8   0x080040b8   0x0000001c   Code   RO         4178    i.osSlabAllocatorAlloc  los_slab.o
    0x080040d4   0x080040d4   0x00000038   Code   RO         4182    i.osSlabAllocatorFree  los_slab.o
    0x0800410c   0x0800410c   0x00000046   Code   RO         4189    i.osSlabAllocatorNew  los_slab.o
    0x08004152   0x08004152   0x00000014   Code   RO         4303    i.osSlabBlockHeadFill  los_slabmem.o
    0x08004166   0x08004166   0x00000004   Code   RO         4043    i.osSlabCtrlHdrGet  los_memory.o
    0x0800416a   0x0800416a   0x00000062   Code   RO         4305    i.osSlabMemAlloc    los_slabmem.o
    0x080041cc   0x080041cc   0x0000005e   Code   RO         4308    i.osSlabMemFree     los_slabmem.o
    0x0800422a   0x0800422a   0x00000002   PAD
    0x0800422c   0x0800422c   0x00000052   Code   RO         4309    i.osSlabMemInit     los_slabmem.o
    0x0800427e   0x0800427e   0x00000002   PAD
    0x08004280   0x08004280   0x00000080   Code   RO         2953    i.osSwTmrInit       los_swtmr.o
    0x08004300   0x08004300   0x00000188   Code   RO         2954    i.osSwTmrStart      los_swtmr.o
    0x08004488   0x08004488   0x0000003c   Code   RO         2955    i.osSwTmrTask       los_swtmr.o
    0x080044c4   0x080044c4   0x00000040   Code   RO         2956    i.osSwTmrTaskCreate  los_swtmr.o
    0x08004504   0x08004504   0x00000068   Code   RO         2957    i.osSwTmrTimeoutHandle  los_swtmr.o
    0x0800456c   0x0800456c   0x00000024   Code   RO         2959    i.osSwtmrDelete     los_swtmr.o
    0x08004590   0x08004590   0x0000001c   Code   RO         2960    i.osSwtmrScan       los_swtmr.o
    0x080045ac   0x080045ac   0x00000084   Code   RO         3192    i.osTaskAdd2TimerList  los_task.o
    0x08004630   0x08004630   0x0000002c   Code   RO         3193    i.osTaskEntry       los_task.o
    0x0800465c   0x0800465c   0x00000004   Code   RO         4500    i.osTaskExit        los_hw.o
    0x08004660   0x08004660   0x000000d4   Code   RO         3194    i.osTaskInit        los_task.o
    0x08004734   0x08004734   0x0000002c   Code   RO         3195    i.osTaskMonInit     los_task.o
    0x08004760   0x08004760   0x00000030   Code   RO         3196    i.osTaskPriModify   los_task.o
    0x08004790   0x08004790   0x000000b4   Code   RO         3197    i.osTaskScan        los_task.o
    0x08004844   0x08004844   0x0000013c   Code   RO         3198    i.osTaskSwitchCheck  los_task.o
    0x08004980   0x08004980   0x0000004c   Code   RO         3199    i.osTaskWait        los_task.o
    0x080049cc   0x080049cc   0x00000040   Code   RO         3200    i.osTaskWake        los_task.o
    0x08004a0c   0x08004a0c   0x00000028   Code   RO         3452    i.osTickHandler     los_tick.o
    0x08004a34   0x08004a34   0x00000070   Code   RO         4548    i.osTickStart       los_hw_tick.o
    0x08004aa4   0x08004aa4   0x00000034   Code   RO         3201    i.osTimerListDelete  los_task.o
    0x08004ad8   0x08004ad8   0x00000038   Code   RO         3518    i.osTimesliceCheck  los_timeslice.o
    0x08004b10   0x08004b10   0x00000010   Code   RO         3519    i.osTimesliceInit   los_timeslice.o
    0x08004b20   0x08004b20   0x00000084   Code   RO         4501    i.osTskStackInit    los_hw.o
    0x08004ba4   0x08004ba4   0x00000008   Data   RO         2216    .constdata          stm32f4xx_hal_dma.o
    0x08004bac   0x08004bac   0x00000010   Data   RO         2789    .constdata          system_stm32f4xx.o
    0x08004bbc   0x08004bbc   0x00000008   Data   RO         2790    .constdata          system_stm32f4xx.o
    0x08004bc4   0x08004bc4   0x00000020   Data   RO         5016    Region$$Table       anon$$obj.o


    Execution Region RW_IRAM2 (Exec base: 0x10000000, Load base: 0x08004cd4, Size: 0x00000000, Max: 0x00010000, ABSOLUTE)

    **** No section assigned to this execution region ****


    Execution Region RW_IRAM1 (Exec base: 0x20000000, Load base: 0x08004be4, Size: 0x00000768, Max: 0x00020000, ABSOLUTE)

    Exec Addr    Load Addr    Size         Type   Attr      Idx    E Section Name        Object

    0x20000000   0x08004be4   0x00000010   Data   RW           20    .data               main.o
    0x20000010   0x08004bf4   0x0000000c   Data   RW         2641    .data               stm32f4xx_hal.o
    0x2000001c   0x08004c00   0x00000004   Data   RW         2791    .data               system_stm32f4xx.o
    0x20000020   0x08004c04   0x00000008   Data   RW         2831    .data               los_priqueue.o
    0x20000028   0x08004c0c   0x0000001c   Data   RW         2964    .data               los_swtmr.o
    0x20000044   0x08004c28   0x00000048   Data   RW         3204    .data               los_task.o
    0x2000008c   0x08004c70   0x00000004   Data   RW         3453    .data               los_tick.o
    0x20000090   0x08004c74   0x00000010   Data   RW         3454    .data               los_tick.o
    0x200000a0   0x08004c84   0x00000004   Data   RW         3457    .data               los_tick.o
    0x200000a4   0x08004c88   0x00000008   Data   RW         3520    .data               los_timeslice.o
    0x200000ac   0x08004c90   0x0000000c   Data   RW         3634    .data               los_mux.o
    0x200000b8   0x08004c9c   0x0000000c   Data   RW         3710    .data               los_queue.o
    0x200000c4   0x08004ca8   0x0000000c   Data   RW         3831    .data               los_sem.o
    0x200000d0   0x08004cb4   0x00000004   Data   RW         3928    .data               los_err.o
    0x200000d4   0x08004cb8   0x00000010   Data   RW         3969    .data               los_heap.o
    0x200000e4   0x08004cc8   0x00000004   Data   RW         4044    .data               los_memory.o
    0x200000e8   0x08004ccc   0x00000004   Data   RW         4452    .data               los_init.o
    0x200000ec   0x08004cd0   0x00000004   Data   RW         4996    .data               mc_w.l(stdout.o)
    0x200000f0        -       0x0000003c   Zero   RW          329    .bss                tim.o
    0x2000012c        -       0x000000a0   Zero   RW          384    .bss                usart.o
    0x200001cc        -       0x00000040   Zero   RW         2963    .bss                los_swtmr.o
    0x2000020c        -       0x00000156   Zero   RW         3202    .bss                los_task.o
    0x20000362   0x08004cd4   0x00000006   PAD
    0x20000368        -       0x00000400   Zero   RW            1    STACK               startup_stm32f407xx.o


==============================================================================

Image component sizes


      Code (inc. data)   RO Data    RW Data    ZI Data      Debug   Object Name

       352         24          0          0          0       4040   dht11.o
        44          4          0          0          0        774   dma.o
       160         12          0          0          0        975   gpio.o
       236         24          0          0          0        428   los_dispatch_keil.o
        28          6          0          4          0       2350   los_err.o
       784        100          0         16          0       7236   los_heap.o
       204         18          0          0          0       2822   los_hw.o
       112         26          0          0          0      27437   los_hw_tick.o
        42          8          0          0          0       5488   los_hwi.o
       300        138          0          4          0       1908   los_init.o
       326         70          0          4          0       5430   los_memory.o
        20          0          0          0          0        640   los_misc.o
       766        170          0         12          0       5704   los_mux.o
       220         30          0          8          0      16982   los_priqueue.o
      1046         94          0         12          0      17421   los_queue.o
        98         12          0         12          0       2768   los_sem.o
       328          0          0          0          0       6344   los_slab.o
       294          0          0          0          0       4135   los_slabmem.o
       812         70          0         28         64      13439   los_swtmr.o
        12          4          0          0          0       2303   los_sys.o
      2254        290          0         72        342      26462   los_task.o
        40          6          0         24          0       8020   los_tick.o
        72         16          0          8          0       1325   los_timeslice.o
       826        332          0         16          0     695110   main.o
        36          8        392          0       1024        848   startup_stm32f407xx.o
       128         20          0         12          0       3483   stm32f4xx_hal.o
       218         14          0          0          0      31105   stm32f4xx_hal_cortex.o
       788         16          8          0          0       4799   stm32f4xx_hal_dma.o
       442         44          0          0          0       2460   stm32f4xx_hal_gpio.o
       132          6          0          0          0        930   stm32f4xx_hal_msp.o
      1272         82          0          0          0       5704   stm32f4xx_hal_rcc.o
       664         44          0          0          0       7426   stm32f4xx_hal_tim.o
        80          0          0          0          0       1316   stm32f4xx_hal_tim_ex.o
      1342         14          0          0          0       7579   stm32f4xx_hal_uart.o
        38         12          0          0          0       4201   stm32f4xx_it.o
        84         18         24          4          0       1195   system_stm32f4xx.o
       210         40          0          0         60       2668   tim.o
       332         78          0          0        160       4988   usart.o

    ----------------------------------------------------------------------
     15180       1850        456        236       1656     938243   Object Totals
         0          0         32          0          0          0   (incl. Generated)
        38          0          0          0          6          0   (incl. Padding)

    ----------------------------------------------------------------------

      Code (inc. data)   RO Data    RW Data    ZI Data      Debug   Library Member Name

         0          0          0          0          0          0   entry.o
         0          0          0          0          0          0   entry10a.o
         0          0          0          0          0          0   entry11a.o
         8          4          0          0          0          0   entry2.o
         4          0          0          0          0          0   entry5.o
         0          0          0          0          0          0   entry7b.o
         0          0          0          0          0          0   entry8b.o
         8          4          0          0          0          0   entry9a.o
        30          0          0          0          0          0   handlers.o
        36          8          0          0          0         68   init.o
         0          0          0          0          0          0   iusefp.o
        30          0          0          0          0         68   llshl.o
        36          0          0          0          0         68   llsshr.o
        32          0          0          0          0         68   llushr.o
        36          0          0          0          0         68   memcpya.o
        36          0          0          0          0        108   memseta.o
      2324         94          0          0          0        600   printfa.o
         0          0          0          4          0          0   stdout.o
        44          0          0          0          0         80   uidiv.o
        98          0          0          0          0         92   uldiv.o
        48          0          0          0          0         68   cdrcmple.o
       334          0          0          0          0        148   dadd.o
       222          0          0          0          0        100   ddiv.o
       186          0          0          0          0        176   depilogue.o
        48          0          0          0          0         68   dfixul.o
       228          0          0          0          0         96   dmul.o

    ----------------------------------------------------------------------
      3792        110          0          4          0       1876   Library Totals
         4          0          0          0          0          0   (incl. Padding)

    ----------------------------------------------------------------------

      Code (inc. data)   RO Data    RW Data    ZI Data      Debug   Library Name

      2722        110          0          4          0       1220   mc_w.l
      1066          0          0          0          0        656   mf_w.l

    ----------------------------------------------------------------------
      3792        110          0          4          0       1876   Library Totals

    ----------------------------------------------------------------------

==============================================================================


      Code (inc. data)   RO Data    RW Data    ZI Data      Debug   

     18972       1960        456        240       1656     923835   Grand Totals
     18972       1960        456        240       1656     923835   ELF Image Totals
     18972       1960        456        240          0          0   ROM Totals

==============================================================================

    Total RO  Size (Code + RO Data)                19428 (  18.97kB)
    Total RW  Size (RW Data + ZI Data)              1896 (   1.85kB)
    Total ROM Size (Code + RO Data + RW Data)      19668 (  19.21kB)

==============================================================================

